<html>
<body>
<pre>
<h1>µVision Build Log</h1>
<h2>Tool Versions:</h2>
IDE-Version: µVision V5.29.0.0
Copyright (C) 2019 ARM Ltd and ARM Germany GmbH. All rights reserved.
License Information: Preston Rozwood, Cornell University, LIC=----
 
Tool Versions:
Toolchain:       MDK-Lite  Version: 5.29.0.0
Toolchain Path:  C:\Keil_v5\ARM\ARMCC\Bin
C Compiler:      Armcc.exe V5.06 update 6 (build 750)
Assembler:       Armasm.exe V5.06 update 6 (build 750)
Linker/Locator:  ArmLink.exe V5.06 update 6 (build 750)
Library Manager: ArmAr.exe V5.06 update 6 (build 750)
Hex Converter:   FromElf.exe V5.06 update 6 (build 750)
CPU DLL:         SARMCM3.DLL V5.29.0.0
Dialog DLL:      DCM.DLL V1.17.3.0
Target DLL:      CMSIS_AGDI.dll V1.32.0.0
Dialog DLL:      TCM.DLL V1.36.5.0
 
<h2>Project:</h2>
G:\My Drive\College\Cornell\Spring 2020\CS 3420\Final Project\final.uvprojx
Project File Date:  05/23/2020

<h2>Output:</h2>
*** Using Compiler 'V5.06 update 6 (build 750)', folder: 'C:\Keil_v5\ARM\ARMCC\Bin'
Rebuild target 'Target 1'
assembling startup_MK64F12.s...
compiling fsl_clock.c...
compiling system_MK64F12.c...
RTE\Device\MK64FN1M0xxx12\system_MK64F12.c(143): warning:  #2532-D: support for trigraphs is disabled
    /* WDOG->STCTRLH: ??=0,DISTESTWDOG=0,BYTESEL=0,TESTSEL=0,TESTWDOG=0,??=0,??=1,WAITEN=1,STOPEN=1,DBGEN=0,ALLOWUPDATE=1,WINEN=0,IRQRSTEN=0,CLKSRC=1,WDOGEN=0 */
RTE\Device\MK64FN1M0xxx12\system_MK64F12.c: 1 warning, 0 errors
compiling utils.c...
utils.h(21): warning:  #1-D: last line of file ends without a newline
  #endif
utils.c(126): warning:  #1-D: last line of file ends without a newline
  }
utils.c: 2 warnings, 0 errors
compiling fsl_gpio.c...
compiling 3140_serial.c...
compiling fsl_common.c...
compiling main.c...
utils.h(21): warning:  #1-D: last line of file ends without a newline
  #endif
3140_accel.h(62): warning:  #1-D: last line of file ends without a newline
  #endif /* __3140_accel__ */
main.c(6): warning:  #223-D: function "sprintf" declared implicitly
  	sprintf(command, "press %d \n", keycode);
main.c(7): warning:  #223-D: function "uart_putString" declared implicitly
  	uart_putString(command);
main.c(12): warning:  #223-D: function "sprintf" declared implicitly
  	sprintf(command, "release "); // start building command
main.c(27): warning:  #223-D: function "uart_putString" declared implicitly
  	uart_putString(command);
main.c(48): warning:  #223-D: function "uart_init" declared implicitly
  	uart_init();
main.c(90): warning:  #111-D: statement is unreachable
  	return 0;
main.c(33): warning:  #177-D: variable "clock"  was declared but never referenced
  	int clock = SystemCoreClock;
main.c(106): warning:  #1-D: last line of file ends without a newline
  }
main.c: 10 warnings, 0 errors
compiling 3140_i2c.c...
compiling fsl_i2c.c...
compiling 3140_accel.c...
3140_accel.h(62): warning:  #1-D: last line of file ends without a newline
  #endif /* __3140_accel__ */
linking...
Program Size: Code=11576 RO-data=2024 RW-data=20 ZI-data=5268  
".\Objects\final.axf" - 0 Error(s), 14 Warning(s).

<h2>Software Packages used:</h2>

Package Vendor: ARM
                http://www.keil.com/pack/ARM.CMSIS.5.6.0.pack
                ARM.CMSIS.5.6.0
                CMSIS (Cortex Microcontroller Software Interface Standard)
   * Component: CORE Version: 5.3.0

Package Vendor: NXP
                http://mcuxpresso.nxp.com/cmsis_pack/repo/NXP.MK64F12_DFP.12.1.0.pack
                NXP.MK64F12_DFP.12.1.0
                Device Family Pack for MK64F12
   * Component: MK64F12_header Version: 1.0.0
   * Component: clock Version: 2.5.1
   * Component: common Version: 2.2.2
   * Component: gpio Version: 2.4.1
   * Component: i2c Version: 2.0.8
   * Component: port Version: 2.1.0

Package Vendor: Keil
                http://www.keil.com/pack/Keil.Kinetis_K60_DFP.1.5.0.pack
                Keil.Kinetis_K60_DFP.1.5.0
                NXP Kinetis K60 Series Device Support and Examples
   * Component: Startup Version: 1.0.0

<h2>Collection of Component include folders:</h2>
  .\RTE\_Target_1
  C:\Users\wrozw\AppData\Local\Arm\Packs\ARM\CMSIS\5.6.0\CMSIS\Core\Include
  C:\Users\wrozw\AppData\Local\Arm\Packs\Keil\Kinetis_K60_DFP\1.5.0\Device\Include
  C:\Users\wrozw\AppData\Local\Arm\Packs\NXP\MK64F12_DFP\12.1.0
  C:\Users\wrozw\AppData\Local\Arm\Packs\NXP\MK64F12_DFP\12.1.0\drivers

<h2>Collection of Component Files used:</h2>

   * Component: ARM::CMSIS:CORE:5.3.0

   * Component: Keil::Device:Startup:1.0.0
      Source file:   Device\Source\system_MK64F12.c
      Source file:   Device\Source\ARM\startup_MK64F12.s

   * Component: NXP::Device:CMSIS:MK64F12_header:1.0.0
      Include file:  MK64F12_features.h
      Include file:  fsl_device_registers.h
      Include file:  MK64F12.h

   * Component: NXP::Device:SDK Drivers:clock:2.5.1
      Include file:  drivers\fsl_clock.h
      Source file:   drivers\fsl_clock.c

   * Component: NXP::Device:SDK Drivers:common:2.2.2
      Source file:   drivers\fsl_common.c
      Include file:  drivers\fsl_common.h

   * Component: NXP::Device:SDK Drivers:gpio:2.4.1
      Source file:   drivers\fsl_gpio.c
      Include file:  drivers\fsl_gpio.h

   * Component: NXP::Device:SDK Drivers:i2c:2.0.8
      Source file:   drivers\fsl_i2c.c
      Include file:  drivers\fsl_i2c.h

   * Component: NXP::Device:SDK Drivers:port:2.1.0
      Include file:  drivers\fsl_port.h
Build Time Elapsed:  00:00:03
</pre>
</body>
</html>
