Component: ARM Compiler 5.06 update 6 (build 750) Tool: armlink [4d35ed]

==============================================================================

Section Cross References

    3140_accel.o(i.ACCEL_ReadWhoAmI) refers to rt_memclr_w.o(.text) for __aeabi_memclr4
    3140_accel.o(i.ACCEL_ReadWhoAmI) refers to fsl_i2c.o(i.I2C_MasterTransferNonBlocking) for I2C_MasterTransferNonBlocking
    3140_accel.o(i.ACCEL_ReadWhoAmI) refers to 3140_i2c.o(.bss) for g_m_handle
    3140_accel.o(i.ACCEL_ReadWhoAmI) refers to 3140_i2c.o(.data) for nakFlag
    3140_accel.o(i.ACCEL_getAccelDat) refers to 3140_i2c.o(i.I2C_ReadRegs) for I2C_ReadRegs
    3140_accel.o(i.ACCEL_getDefaultConfig) refers to 3140_accel.o(i.ACCEL_ReadWhoAmI) for ACCEL_ReadWhoAmI
    3140_accel.o(i.ACCEL_getDefaultConfig) refers to 3140_i2c.o(i.I2C_WriteReg) for I2C_WriteReg
    main.o(i.PORTC_IRQHandler) refers to utils.o(i.LEDRed_Off) for LEDRed_Off
    main.o(i.PORTC_IRQHandler) refers to utils.o(i.LEDGreen_On) for LEDGreen_On
    main.o(i.PORTC_IRQHandler) refers to utils.o(i.LEDGreen_Off) for LEDGreen_Off
    main.o(i.PORTC_IRQHandler) refers to utils.o(i.LEDRed_On) for LEDRed_On
    main.o(i.PORTC_IRQHandler) refers to main.o(.data) for isOn
    main.o(i.main) refers to utils.o(i.LED_Initialize) for LED_Initialize
    main.o(i.main) refers to utils.o(i.LEDRed_On) for LEDRed_On
    main.o(i.main) refers to 3140_i2c.o(i.I2C_ReleaseBus) for I2C_ReleaseBus
    main.o(i.main) refers to 3140_i2c.o(i.I2C_Init) for I2C_Init
    main.o(i.main) refers to 3140_serial.o(i.uart_init) for uart_init
    main.o(i.main) refers to 3140_accel.o(i.ACCEL_ReadWhoAmI) for ACCEL_ReadWhoAmI
    main.o(i.main) refers to 3140_accel.o(i.ACCEL_getDefaultConfig) for ACCEL_getDefaultConfig
    main.o(i.main) refers to 3140_accel.o(i.ACCEL_getAccelDat) for ACCEL_getAccelDat
    main.o(i.main) refers to main.o(i.releaseKeys) for releaseKeys
    main.o(i.main) refers to main.o(i.pressKey) for pressKey
    main.o(i.main) refers to main.o(.constdata) for .constdata
    main.o(i.main) refers to main.o(.data) for isOn
    main.o(i.pressKey) refers to _printf_percent.o(.ARM.Collect$$_printf_percent$$00000000) for _printf_percent
    main.o(i.pressKey) refers to _printf_d.o(.ARM.Collect$$_printf_percent$$00000009) for _printf_d
    main.o(i.pressKey) refers to _printf_dec.o(.text) for _printf_int_dec
    main.o(i.pressKey) refers to __2sprintf.o(.text) for __2sprintf
    main.o(i.pressKey) refers to 3140_serial.o(i.uart_putString) for uart_putString
    main.o(i.releaseKeys) refers to __2sprintf.o(.text) for __2sprintf
    main.o(i.releaseKeys) refers to sprintf.o(.text) for sprintf
    main.o(i.releaseKeys) refers to 3140_serial.o(i.uart_putString) for uart_putString
    utils.o(i.LEDBlue_Blink) refers to utils.o(i.LEDBlue_On) for LEDBlue_On
    utils.o(i.LEDBlue_Blink) refers to utils.o(i.delay) for delay
    utils.o(i.LEDBlue_Blink) refers to utils.o(i.LEDBlue_Off) for LEDBlue_Off
    utils.o(i.LEDGreen_Blink) refers to utils.o(i.LEDGreen_On) for LEDGreen_On
    utils.o(i.LEDGreen_Blink) refers to utils.o(i.delay) for delay
    utils.o(i.LEDGreen_Blink) refers to utils.o(i.LEDGreen_Off) for LEDGreen_Off
    utils.o(i.LEDRed_Blink) refers to utils.o(i.LEDRed_On) for LEDRed_On
    utils.o(i.LEDRed_Blink) refers to utils.o(i.delay) for delay
    utils.o(i.LEDRed_Blink) refers to utils.o(i.LEDRed_Off) for LEDRed_Off
    utils.o(i.multiDelay) refers to utils.o(i.delay) for delay
    3140_i2c.o(i.I2C_Init) refers to fsl_i2c.o(i.I2C_MasterTransferCreateHandle) for I2C_MasterTransferCreateHandle
    3140_i2c.o(i.I2C_Init) refers to fsl_i2c.o(i.I2C_MasterGetDefaultConfig) for I2C_MasterGetDefaultConfig
    3140_i2c.o(i.I2C_Init) refers to fsl_i2c.o(i.I2C_MasterInit) for I2C_MasterInit
    3140_i2c.o(i.I2C_Init) refers to 3140_i2c.o(i.i2c_master_callback) for i2c_master_callback
    3140_i2c.o(i.I2C_Init) refers to 3140_i2c.o(.bss) for g_m_handle
    3140_i2c.o(i.I2C_ReadRegs) refers to rt_memclr_w.o(.text) for __aeabi_memclr4
    3140_i2c.o(i.I2C_ReadRegs) refers to fsl_i2c.o(i.I2C_MasterTransferNonBlocking) for I2C_MasterTransferNonBlocking
    3140_i2c.o(i.I2C_ReadRegs) refers to 3140_i2c.o(.bss) for g_m_handle
    3140_i2c.o(i.I2C_ReadRegs) refers to 3140_i2c.o(.data) for nakFlag
    3140_i2c.o(i.I2C_ReleaseBus) refers to 3140_i2c.o(i.PORT_SetPinConfig) for PORT_SetPinConfig
    3140_i2c.o(i.I2C_ReleaseBus) refers to fsl_gpio.o(i.GPIO_PinInit) for GPIO_PinInit
    3140_i2c.o(i.I2C_ReleaseBus) refers to 3140_i2c.o(i.GPIO_PinWrite) for GPIO_PinWrite
    3140_i2c.o(i.I2C_ReleaseBus) refers to 3140_i2c.o(i.i2c_release_bus_delay) for i2c_release_bus_delay
    3140_i2c.o(i.I2C_WriteReg) refers to rt_memclr_w.o(.text) for __aeabi_memclr4
    3140_i2c.o(i.I2C_WriteReg) refers to fsl_i2c.o(i.I2C_MasterTransferNonBlocking) for I2C_MasterTransferNonBlocking
    3140_i2c.o(i.I2C_WriteReg) refers to 3140_i2c.o(.bss) for g_m_handle
[...]
    .ARM.Collect$$_printf_percent$$00000006  0x000004a2   Section        6  _printf_a.o(.ARM.Collect$$_printf_percent$$00000006)
    .ARM.Collect$$_printf_percent$$00000007  0x000004a8   Section       10  _printf_ll.o(.ARM.Collect$$_printf_percent$$00000007)
    .ARM.Collect$$_printf_percent$$00000008  0x000004b2   Section        6  _printf_i.o(.ARM.Collect$$_printf_percent$$00000008)
    .ARM.Collect$$_printf_percent$$00000009  0x000004b8   Section        6  _printf_d.o(.ARM.Collect$$_printf_percent$$00000009)
    .ARM.Collect$$_printf_percent$$0000000A  0x000004be   Section        6  _printf_u.o(.ARM.Collect$$_printf_percent$$0000000A)
    .ARM.Collect$$_printf_percent$$0000000B  0x000004c4   Section        6  _printf_o.o(.ARM.Collect$$_printf_percent$$0000000B)
    .ARM.Collect$$_printf_percent$$0000000C  0x000004ca   Section        6  _printf_x.o(.ARM.Collect$$_printf_percent$$0000000C)
    .ARM.Collect$$_printf_percent$$0000000D  0x000004d0   Section        6  _printf_lli.o(.ARM.Collect$$_printf_percent$$0000000D)
    .ARM.Collect$$_printf_percent$$0000000E  0x000004d6   Section        6  _printf_lld.o(.ARM.Collect$$_printf_percent$$0000000E)
    .ARM.Collect$$_printf_percent$$0000000F  0x000004dc   Section        6  _printf_llu.o(.ARM.Collect$$_printf_percent$$0000000F)
    .ARM.Collect$$_printf_percent$$00000010  0x000004e2   Section        6  _printf_llo.o(.ARM.Collect$$_printf_percent$$00000010)
    .ARM.Collect$$_printf_percent$$00000011  0x000004e8   Section        6  _printf_llx.o(.ARM.Collect$$_printf_percent$$00000011)
    .ARM.Collect$$_printf_percent$$00000012  0x000004ee   Section       10  _printf_l.o(.ARM.Collect$$_printf_percent$$00000012)
    .ARM.Collect$$_printf_percent$$00000013  0x000004f8   Section        6  _printf_c.o(.ARM.Collect$$_printf_percent$$00000013)
    .ARM.Collect$$_printf_percent$$00000014  0x000004fe   Section        6  _printf_s.o(.ARM.Collect$$_printf_percent$$00000014)
    .ARM.Collect$$_printf_percent$$00000015  0x00000504   Section        6  _printf_lc.o(.ARM.Collect$$_printf_percent$$00000015)
    .ARM.Collect$$_printf_percent$$00000016  0x0000050a   Section        6  _printf_ls.o(.ARM.Collect$$_printf_percent$$00000016)
    .ARM.Collect$$_printf_percent$$00000017  0x00000510   Section        4  _printf_percent_end.o(.ARM.Collect$$_printf_percent$$00000017)
    .ARM.Collect$$libinit$$00000000          0x00000514   Section        2  libinit.o(.ARM.Collect$$libinit$$00000000)
    .ARM.Collect$$libinit$$00000001          0x00000516   Section        4  libinit2.o(.ARM.Collect$$libinit$$00000001)
    .ARM.Collect$$libinit$$00000004          0x0000051a   Section        0  libinit2.o(.ARM.Collect$$libinit$$00000004)
    .ARM.Collect$$libinit$$0000000A          0x0000051a   Section        0  libinit2.o(.ARM.Collect$$libinit$$0000000A)
    .ARM.Collect$$libinit$$0000000C          0x0000051a   Section        0  libinit2.o(.ARM.Collect$$libinit$$0000000C)
    .ARM.Collect$$libinit$$0000000E          0x0000051a   Section        0  libinit2.o(.ARM.Collect$$libinit$$0000000E)
    .ARM.Collect$$libinit$$0000000F          0x0000051a   Section        6  libinit2.o(.ARM.Collect$$libinit$$0000000F)
    .ARM.Collect$$libinit$$00000011          0x00000520   Section        0  libinit2.o(.ARM.Collect$$libinit$$00000011)
    .ARM.Collect$$libinit$$00000012          0x00000520   Section       12  libinit2.o(.ARM.Collect$$libinit$$00000012)
    .ARM.Collect$$libinit$$00000013          0x0000052c   Section        0  libinit2.o(.ARM.Collect$$libinit$$00000013)
    .ARM.Collect$$libinit$$00000015          0x0000052c   Section        0  libinit2.o(.ARM.Collect$$libinit$$00000015)
    .ARM.Collect$$libinit$$00000016          0x0000052c   Section       10  libinit2.o(.ARM.Collect$$libinit$$00000016)
    .ARM.Collect$$libinit$$00000017          0x00000536   Section        0  libinit2.o(.ARM.Collect$$libinit$$00000017)
    .ARM.Collect$$libinit$$00000019          0x00000536   Section        0  libinit2.o(.ARM.Collect$$libinit$$00000019)
    .ARM.Collect$$libinit$$0000001B          0x00000536   Section        0  libinit2.o(.ARM.Collect$$libinit$$0000001B)
    .ARM.Collect$$libinit$$0000001D          0x00000536   Section        0  libinit2.o(.ARM.Collect$$libinit$$0000001D)
    .ARM.Collect$$libinit$$0000001F          0x00000536   Section        0  libinit2.o(.ARM.Collect$$libinit$$0000001F)
    .ARM.Collect$$libinit$$00000021          0x00000536   Section        0  libinit2.o(.ARM.Collect$$libinit$$00000021)
    .ARM.Collect$$libinit$$00000023          0x00000536   Section        0  libinit2.o(.ARM.Collect$$libinit$$00000023)
    .ARM.Collect$$libinit$$00000025          0x00000536   Section        0  libinit2.o(.ARM.Collect$$libinit$$00000025)
    .ARM.Collect$$libinit$$0000002C          0x00000536   Section        0  libinit2.o(.ARM.Collect$$libinit$$0000002C)
    .ARM.Collect$$libinit$$0000002E          0x00000536   Section        0  libinit2.o(.ARM.Collect$$libinit$$0000002E)
    .ARM.Collect$$libinit$$00000030          0x00000536   Section        0  libinit2.o(.ARM.Collect$$libinit$$00000030)
    .ARM.Collect$$libinit$$00000032          0x00000536   Section        0  libinit2.o(.ARM.Collect$$libinit$$00000032)
    .ARM.Collect$$libinit$$00000033          0x00000536   Section        2  libinit2.o(.ARM.Collect$$libinit$$00000033)
    .ARM.Collect$$libshutdown$$00000000      0x00000538   Section        2  libshutdown.o(.ARM.Collect$$libshutdown$$00000000)
    .ARM.Collect$$libshutdown$$00000002      0x0000053a   Section        0  libshutdown2.o(.ARM.Collect$$libshutdown$$00000002)
    .ARM.Collect$$libshutdown$$00000004      0x0000053a   Section        0  libshutdown2.o(.ARM.Collect$$libshutdown$$00000004)
    .ARM.Collect$$libshutdown$$00000007      0x0000053a   Section        0  libshutdown2.o(.ARM.Collect$$libshutdown$$00000007)
    .ARM.Collect$$libshutdown$$0000000A      0x0000053a   Section        0  libshutdown2.o(.ARM.Collect$$libshutdown$$0000000A)
    .ARM.Collect$$libshutdown$$0000000C      0x0000053a   Section        0  libshutdown2.o(.ARM.Collect$$libshutdown$$0000000C)
    .ARM.Collect$$libshutdown$$0000000F      0x0000053a   Section        0  libshutdown2.o(.ARM.Collect$$libshutdown$$0000000F)
    .ARM.Collect$$libshutdown$$00000010      0x0000053a   Section        2  libshutdown2.o(.ARM.Collect$$libshutdown$$00000010)
    .ARM.Collect$$rtentry$$00000000          0x0000053c   Section        0  __rtentry.o(.ARM.Collect$$rtentry$$00000000)
    .ARM.Collect$$rtentry$$00000002          0x0000053c   Section        0  __rtentry2.o(.ARM.Collect$$rtentry$$00000002)
    .ARM.Collect$$rtentry$$00000004          0x0000053c   Section        6  __rtentry4.o(.ARM.Collect$$rtentry$$00000004)
    .ARM.Collect$$rtentry$$00000009          0x00000542   Section        0  __rtentry2.o(.ARM.Collect$$rtentry$$00000009)
    .ARM.Collect$$rtentry$$0000000A          0x00000542   Section        4  __rtentry2.o(.ARM.Collect$$rtentry$$0000000A)
    .ARM.Collect$$rtentry$$0000000C          0x00000546   Section        0  __rtentry2.o(.ARM.Collect$$rtentry$$0000000C)
    .ARM.Collect$$rtentry$$0000000D          0x00000546   Section        8  __rtentry2.o(.ARM.Collect$$rtentry$$0000000D)
    .ARM.Collect$$rtexit$$00000000           0x0000054e   Section        2  rtexit.o(.ARM.Collect$$rtexit$$00000000)
    .ARM.Collect$$rtexit$$00000002           0x00000550   Section        0  rtexit2.o(.ARM.Collect$$rtexit$$00000002)
    .ARM.Collect$$rtexit$$00000003           0x00000550   Section        4  rtexit2.o(.ARM.Collect$$rtexit$$00000003)
    .ARM.Collect$$rtexit$$00000004           0x00000554   Section        6  rtexit2.o(.ARM.Collect$$rtexit$$00000004)
    .text                                    0x0000055c   Section       76  startup_mk64f12.o(.text)
    $v0                                      0x0000055c   Number         0  startup_mk64f12.o(.text)
    .text                                    0x000005a8   Section        0  sprintf.o(.text)
    .text                                    0x000005d4   Section        0  __2sprintf.o(.text)
    .text                                    0x00000600   Section        0  _printf_dec.o(.text)
    .text                                    0x00000678   Section        0  __printf_flags_ss_wp.o(.text)
    .text                                    0x00000800   Section        0  assert.o(.text)
    .text                                    0x00000880   Section       78  rt_memclr_w.o(.text)
    .text                                    0x000008ce   Section        0  heapauxi.o(.text)
    .text                                    0x000008d4   Section        0  _printf_pad.o(.text)
    .text                                    0x00000922   Section        0  _printf_truncate.o(.text)
    .text                                    0x00000946   Section        0  _printf_str.o(.text)
    .text                                    0x00000998   Section        0  _printf_intcommon.o(.text)
    .text                                    0x00000a4a   Section        0  _printf_charcount.o(.text)
    .text                                    0x00000a74   Section        0  _printf_char_common.o(.text)
    _printf_input_char                       0x00000a75   Thumb Code    10  _printf_char_common.o(.text)
    .text                                    0x00000aa4   Section        0  _sputc.o(.text)
    .text                                    0x00000ab0   Section        0  _printf_wctomb.o(.text)
    .text                                    0x00000b6c   Section        0  _printf_longlong_dec.o(.text)
    .text                                    0x00000be8   Section        0  _printf_oct_int_ll.o(.text)
    _printf_longlong_oct_internal            0x00000be9   Thumb Code     0  _printf_oct_int_ll.o(.text)
    .text                                    0x00000c58   Section        0  _printf_hex_int_ll_ptr.o(.text)
    _printf_hex_common                       0x00000c59   Thumb Code     0  _printf_hex_int_ll_ptr.o(.text)
    .text                                    0x00000cec   Section        0  abort.o(.text)
    .text                                    0x00000d02   Section        0  assert_puts.o(.text)
    .text                                    0x00000d16   Section        0  sys_wrch.o(.text)
    .text                                    0x00000d24   Section        0  sys_exit.o(.text)
    .text                                    0x00000d30   Section        8  libspace.o(.text)
    .text                                    0x00000d38   Section      138  lludiv10.o(.text)
    .text                                    0x00000dc2   Section        0  _printf_fp_dec.o(.text)
    _fp_digits                               0x00000dc5   Thumb Code   432  _printf_fp_dec.o(.text)
    .text                                    0x000011e0   Section        0  _printf_fp_hex.o(.text)
    .text                                    0x000014dc   Section        0  _printf_char.o(.text)
    .text                                    0x00001508   Section        0  _printf_wchar.o(.text)
    .text                                    0x00001534   Section        0  _wcrtomb.o(.text)
    .text                                    0x00001574   Section        0  defsig_abrt_outer.o(.text)
    .text                                    0x00001582   Section        2  use_no_semi.o(.text)
    .text                                    0x00001584   Section       74  sys_stackheap_outer.o(.text)
    .text                                    0x00001584   Section        0  indicate_semi.o(.text)
    .text                                    0x000015d0   Section       16  rt_ctype_table.o(.text)
    .text                                    0x000015e0   Section        8  rt_locale_intlibspace.o(.text)
    .text                                    0x000015e8   Section        0  _printf_fp_infnan.o(.text)
    .text                                    0x00001668   Section        0  bigflt0.o(.text)
    .text                                    0x0000174c   Section        0  exit.o(.text)
    .text                                    0x0000175e   Section        0  defsig_exit.o(.text)
    .text                                    0x00001768   Section        0  defsig_abrt_inner.o(.text)
    .text                                    0x00001798   Section        0  defsig_general.o(.text)
    .text                                    0x000017cc   Section      128  strcmpv7m.o(.text)
    CL$$btod_d2e                             0x0000184c   Section       62  btod.o(CL$$btod_d2e)
    CL$$btod_d2e_denorm_low                  0x0000188a   Section       70  btod.o(CL$$btod_d2e_denorm_low)
    CL$$btod_d2e_norm_op1                    0x000018d0   Section       96  btod.o(CL$$btod_d2e_norm_op1)
    CL$$btod_div_common                      0x00001930   Section      824  btod.o(CL$$btod_div_common)
    CL$$btod_e2e                             0x00001c68   Section      220  btod.o(CL$$btod_e2e)
    CL$$btod_ediv                            0x00001d44   Section       42  btod.o(CL$$btod_ediv)
    CL$$btod_emul                            0x00001d6e   Section       42  btod.o(CL$$btod_emul)
    CL$$btod_mult_common                     0x00001d98   Section      580  btod.o(CL$$btod_mult_common)
    i.ACCEL_ReadWhoAmI                       0x00001fdc   Section        0  3140_accel.o(i.ACCEL_ReadWhoAmI)
    i.ACCEL_getAccelDat                      0x000020b0   Section        0  3140_accel.o(i.ACCEL_getAccelDat)
    i.ACCEL_getDefaultConfig                 0x00002100   Section        0  3140_accel.o(i.ACCEL_getDefaultConfig)
    i.CLOCK_EnableClock                      0x00002150   Section        0  fsl_i2c.o(i.CLOCK_EnableClock)
    CLOCK_EnableClock                        0x00002151   Thumb Code    18  fsl_i2c.o(i.CLOCK_EnableClock)
    i.EnableIRQ                              0x00002168   Section        0  fsl_i2c.o(i.EnableIRQ)
    EnableIRQ                                0x00002169   Thumb Code    52  fsl_i2c.o(i.EnableIRQ)
    i.GPIO_PinInit                           0x0000219c   Section        0  fsl_gpio.o(i.GPIO_PinInit)
    i.GPIO_PinWrite                          0x00002200   Section        0  3140_i2c.o(i.GPIO_PinWrite)
    GPIO_PinWrite                            0x00002201   Thumb Code    22  3140_i2c.o(i.GPIO_PinWrite)
    i.I2C0_DriverIRQHandler                  0x00002218   Section        0  fsl_i2c.o(i.I2C0_DriverIRQHandler)
    i.I2C_CheckAndClearError                 0x00002230   Section        0  fsl_i2c.o(i.I2C_CheckAndClearError)
    I2C_CheckAndClearError                   0x00002231   Thumb Code    32  fsl_i2c.o(i.I2C_CheckAndClearError)
    i.I2C_DisableInterrupts                  0x00002250   Section        0  fsl_i2c.o(i.I2C_DisableInterrupts)
    i.I2C_EnableInterrupts                   0x0000226e   Section        0  fsl_i2c.o(i.I2C_EnableInterrupts)
    i.I2C_GetInstance                        0x00002290   Section        0  fsl_i2c.o(i.I2C_GetInstance)
    i.I2C_Init                               0x000022ec   Section        0  3140_i2c.o(i.I2C_Init)
    i.I2C_InitTransferStateMachine           0x00002360   Section        0  fsl_i2c.o(i.I2C_InitTransferStateMachine)
    I2C_InitTransferStateMachine             0x00002361   Thumb Code   154  fsl_i2c.o(i.I2C_InitTransferStateMachine)
    i.I2C_MasterClearStatusFlags             0x000023fa   Section        0  fsl_i2c.o(i.I2C_MasterClearStatusFlags)
    I2C_MasterClearStatusFlags               0x000023fb   Thumb Code    44  fsl_i2c.o(i.I2C_MasterClearStatusFlags)
    i.I2C_MasterGetDefaultConfig             0x00002428   Section        0  fsl_i2c.o(i.I2C_MasterGetDefaultConfig)
    i.I2C_MasterGetStatusFlags               0x00002474   Section        0  fsl_i2c.o(i.I2C_MasterGetStatusFlags)
    i.I2C_MasterInit                         0x00002494   Section        0  fsl_i2c.o(i.I2C_MasterInit)
    i.I2C_MasterRepeatedStart                0x00002564   Section        0  fsl_i2c.o(i.I2C_MasterRepeatedStart)
    i.I2C_MasterSetBaudRate                  0x000025cc   Section        0  fsl_i2c.o(i.I2C_MasterSetBaudRate)
    i.I2C_MasterStart                        0x0000265c   Section        0  fsl_i2c.o(i.I2C_MasterStart)
    i.I2C_MasterStop                         0x00002696   Section        0  fsl_i2c.o(i.I2C_MasterStop)
    i.I2C_MasterTransferCreateHandle         0x000026b0   Section        0  fsl_i2c.o(i.I2C_MasterTransferCreateHandle)
    i.I2C_MasterTransferHandleIRQ            0x0000271c   Section        0  fsl_i2c.o(i.I2C_MasterTransferHandleIRQ)
    i.I2C_MasterTransferNonBlocking          0x000027b0   Section        0  fsl_i2c.o(i.I2C_MasterTransferNonBlocking)
    i.I2C_MasterTransferRunStateMachine      0x00002828   Section        0  fsl_i2c.o(i.I2C_MasterTransferRunStateMachine)
    I2C_MasterTransferRunStateMachine        0x00002829   Thumb Code   396  fsl_i2c.o(i.I2C_MasterTransferRunStateMachine)
    i.I2C_ReadRegs                           0x000029c0   Section        0  3140_i2c.o(i.I2C_ReadRegs)
    i.I2C_ReleaseBus                         0x00002a38   Section        0  3140_i2c.o(i.I2C_ReleaseBus)
    i.I2C_TransferCommonIRQHandler           0x00002b34   Section        0  fsl_i2c.o(i.I2C_TransferCommonIRQHandler)
    I2C_TransferCommonIRQHandler             0x00002b35   Thumb Code    66  fsl_i2c.o(i.I2C_TransferCommonIRQHandler)
    i.I2C_WriteReg                           0x00002b80   Section        0  3140_i2c.o(i.I2C_WriteReg)
    i.LEDGreen_Off                           0x00002c00   Section        0  utils.o(i.LEDGreen_Off)
    i.LEDGreen_On                            0x00002c18   Section        0  utils.o(i.LEDGreen_On)
    i.LEDRed_Off                             0x00002c30   Section        0  utils.o(i.LEDRed_Off)
    i.LEDRed_On                              0x00002c44   Section        0  utils.o(i.LEDRed_On)
    i.LED_Initialize                         0x00002c58   Section        0  utils.o(i.LED_Initialize)
    i.PORTC_IRQHandler                       0x00002ca0   Section        0  main.o(i.PORTC_IRQHandler)
    i.PORT_SetPinConfig                      0x00002ce4   Section        0  3140_i2c.o(i.PORT_SetPinConfig)
    PORT_SetPinConfig                        0x00002ce5   Thumb Code    36  3140_i2c.o(i.PORT_SetPinConfig)
    i.SystemInit                             0x00002d14   Section        0  system_mk64f12.o(i.SystemInit)
    i.__ARM_fpclassify                       0x00002db4   Section        0  fpclassify.o(i.__ARM_fpclassify)
    i._is_digit                              0x00002de4   Section        0  __printf_wp.o(i._is_digit)
    i.i2c_master_callback                    0x00002df4   Section        0  3140_i2c.o(i.i2c_master_callback)
    i.i2c_release_bus_delay                  0x00002e1c   Section        0  3140_i2c.o(i.i2c_release_bus_delay)
    i2c_release_bus_delay                    0x00002e1d   Thumb Code    16  3140_i2c.o(i.i2c_release_bus_delay)
    i.main                                   0x00002e2c   Section        0  main.o(i.main)
    i.pressKey                               0x00002f78   Section        0  main.o(i.pressKey)
    i.releaseKeys                            0x00002f9c   Section        0  main.o(i.releaseKeys)
    i.uart_init                              0x00003008   Section        0  3140_serial.o(i.uart_init)
    i.uart_putChar                           0x0000309c   Section        0  3140_serial.o(i.uart_putChar)
    i.uart_putString                         0x000030b4   Section        0  3140_serial.o(i.uart_putString)
    locale$$code                             0x000030cc   Section       44  lc_numeric_c.o(locale$$code)
    locale$$code                             0x000030f8   Section       44  lc_ctype_c.o(locale$$code)
    x$fpl$fpinit                             0x00003124   Section       10  fpinit.o(x$fpl$fpinit)
    $v0                                      0x00003124   Number         0  fpinit.o(x$fpl$fpinit)
    x$fpl$printf1                            0x0000312e   Section        4  printf1.o(x$fpl$printf1)
    $v0                                      0x0000312e   Number         0  printf1.o(x$fpl$printf1)
    x$fpl$printf2                            0x00003132   Section        4  printf2.o(x$fpl$printf2)
    $v0                                      0x00003132   Number         0  printf2.o(x$fpl$printf2)
    x$fpl$usenofp                            0x00003136   Section        0  usenofp.o(x$fpl$usenofp)
    .constdata                               0x00003138   Section        8  main.o(.constdata)
    .constdata                               0x00003140   Section      156  fsl_i2c.o(.constdata)
    s_i2cDividerTable                        0x00003140   Data         128  fsl_i2c.o(.constdata)
    s_i2cIrqs                                0x000031c0   Data           3  fsl_i2c.o(.constdata)
    s_i2cClocks                              0x000031c4   Data          12  fsl_i2c.o(.constdata)
    s_i2cBases                               0x000031d0   Data          12  fsl_i2c.o(.constdata)
    .constdata                               0x000031dc   Section       17  __printf_flags_ss_wp.o(.constdata)
    maptable                                 0x000031dc   Data          17  __printf_flags_ss_wp.o(.constdata)
    .constdata                               0x000031f0   Section        8  _printf_wctomb.o(.constdata)
    initial_mbstate                          0x000031f0   Data           8  _printf_wctomb.o(.constdata)
    .constdata                               0x000031f8   Section       40  _printf_hex_int_ll_ptr.o(.constdata)
    uc_hextab                                0x000031f8   Data          20  _printf_hex_int_ll_ptr.o(.constdata)
    lc_hextab                                0x0000320c   Data          20  _printf_hex_int_ll_ptr.o(.constdata)
    .constdata                               0x00003220   Section       38  _printf_fp_hex.o(.constdata)
    lc_hextab                                0x00003220   Data          19  _printf_fp_hex.o(.constdata)
    uc_hextab                                0x00003233   Data          19  _printf_fp_hex.o(.constdata)
    .constdata                               0x00003248   Section      148  bigflt0.o(.constdata)
    tenpwrs_x                                0x00003248   Data          60  bigflt0.o(.constdata)
    tenpwrs_i                                0x00003284   Data          64  bigflt0.o(.constdata)
    .conststring                             0x000032dc   Section       81  3140_i2c.o(.conststring)
    .conststring                             0x00003330   Section       81  fsl_gpio.o(.conststring)
    .conststring                             0x00003384   Section       80  fsl_i2c.o(.conststring)
    locale$$data                             0x000033f4   Section       28  lc_numeric_c.o(locale$$data)
    __lcnum_c_name                           0x000033f8   Data           2  lc_numeric_c.o(locale$$data)
    __lcnum_c_start                          0x00003400   Data           0  lc_numeric_c.o(locale$$data)
    __lcnum_c_point                          0x0000340c   Data           0  lc_numeric_c.o(locale$$data)
    __lcnum_c_thousands                      0x0000340e   Data           0  lc_numeric_c.o(locale$$data)
    __lcnum_c_grouping                       0x0000340f   Data           0  lc_numeric_c.o(locale$$data)
    locale$$data                             0x00003410   Section      272  lc_ctype_c.o(locale$$data)
    __lcnum_c_end                            0x00003410   Data           0  lc_numeric_c.o(locale$$data)
    __lcctype_c_name                         0x00003414   Data           2  lc_ctype_c.o(locale$$data)
    __lcctype_c_start                        0x0000341c   Data           0  lc_ctype_c.o(locale$$data)
    __lcctype_c_end                          0x00003520   Data           0  lc_ctype_c.o(locale$$data)
    .data                                    0x20000000   Section        4  main.o(.data)
    .data                                    0x20000004   Section        2  3140_i2c.o(.data)
    .data                                    0x20000008   Section        8  fsl_i2c.o(.data)
    s_i2cMasterIsr                           0x20000008   Data           4  fsl_i2c.o(.data)
    s_i2cSlaveIsr                            0x2000000c   Data           4  fsl_i2c.o(.data)
    .data                                    0x20000010   Section        4  system_mk64f12.o(.data)
    .bss                                     0x20000014   Section       40  3140_i2c.o(.bss)
    .bss                                     0x2000003c   Section       12  fsl_i2c.o(.bss)
    s_i2cHandle                              0x2000003c   Data          12  fsl_i2c.o(.bss)
    .bss                                     0x20000048   Section       96  libspace.o(.bss)
    HEAP                                     0x200000a8   Section     4096  startup_mk64f12.o(HEAP)
    Heap_Mem                                 0x200000a8   Data        4096  startup_mk64f12.o(HEAP)
    STACK                                    0x200010a8   Section     1024  startup_mk64f12.o(STACK)
    Stack_Mem                                0x200010a8   Data        1024  startup_mk64f12.o(STACK)
    __initial_sp                             0x200014a8   Data           0  startup_mk64f12.o(STACK)

    Global Symbols

    Symbol Name                              Value     Ov Type        Size  Object(Section)

    BuildAttributes$$THM_ISAv4$E$P$D$K$B$S$7EM$VFPi3$EXTD16$VFPS$VFMA$PE$A:L22UL41UL21$X:L11$S22US41US21$IEEE1$IW$USESV6$~STKCKD$USESV7$~SHL$OTIME$ROPI$IEEEJ$EBA8$UX$STANDARDLIB$REQ8$PRES8$EABIv2 0x00000000   Number         0  anon$$obj.o ABSOLUTE
    __ARM_use_no_argv                        0x00000000   Number         0  main.o ABSOLUTE
    __Vectors                                0x00000000   Data           4  startup_mk64f12.o(RESET)
    _printf_flags                            0x00000000   Number         0  printf_stubs.o ABSOLUTE
    _printf_return_value                     0x00000000   Number         0  printf_stubs.o ABSOLUTE
    _printf_sizespec                         0x00000000   Number         0  printf_stubs.o ABSOLUTE
    _printf_widthprec                        0x00000000   Number         0  printf_stubs.o ABSOLUTE
    __ARM_exceptions_init                     - Undefined Weak Reference
    __alloca_initialize                       - Undefined Weak Reference
    __arm_preinit_                            - Undefined Weak Reference
    __cpp_initialize__aeabi_                  - Undefined Weak Reference
    __cxa_finalize                            - Undefined Weak Reference
    __sigvec_lookup                           - Undefined Weak Reference
    __user_heap_extent                        - Undefined Weak Reference
    _atexit_init                              - Undefined Weak Reference
    _call_atexit_fns                          - Undefined Weak Reference
    _clock_init                               - Undefined Weak Reference
    _fp_trap_init                             - Undefined Weak Reference
    _fp_trap_shutdown                         - Undefined Weak Reference
    _get_lc_collate                           - Undefined Weak Reference
    _get_lc_monetary                          - Undefined Weak Reference
    _get_lc_time                              - Undefined Weak Reference
    _getenv_init                              - Undefined Weak Reference
    _handle_redirection                       - Undefined Weak Reference
    _initio                                   - Undefined Weak Reference
    _mutex_acquire                            - Undefined Weak Reference
    _mutex_free                               - Undefined Weak Reference
    _mutex_release                            - Undefined Weak Reference
    _printf_mbtowc                            - Undefined Weak Reference
    _printf_wc                                - Undefined Weak Reference
    _rand_init                                - Undefined Weak Reference
    _signal_finish                            - Undefined Weak Reference
    _signal_init                              - Undefined Weak Reference
    _terminateio                              - Undefined Weak Reference
    __Vectors_End                            0x00000400   Data           0  startup_mk64f12.o(RESET)
    __Vectors_Size                           0x00000400   Number         0  startup_mk64f12.o ABSOLUTE
    __main                                   0x00000411   Thumb Code     8  __main.o(!!!main)
    __scatterload                            0x00000419   Thumb Code     0  __scatter.o(!!!scatter)
    __scatterload_rt2                        0x00000419   Thumb Code    44  __scatter.o(!!!scatter)
    __scatterload_rt2_thumb_only             0x00000419   Thumb Code     0  __scatter.o(!!!scatter)
    __scatterload_null                       0x00000427   Thumb Code     0  __scatter.o(!!!scatter)
    __scatterload_copy                       0x0000044d   Thumb Code    26  __scatter_copy.o(!!handler_copy)
    __scatterload_zeroinit                   0x00000469   Thumb Code    28  __scatter_zi.o(!!handler_zi)
    _printf_n                                0x00000485   Thumb Code     0  _printf_n.o(.ARM.Collect$$_printf_percent$$00000001)
    _printf_percent                          0x00000485   Thumb Code     0  _printf_percent.o(.ARM.Collect$$_printf_percent$$00000000)
    _printf_p                                0x0000048b   Thumb Code     0  _printf_p.o(.ARM.Collect$$_printf_percent$$00000002)
    _printf_f                                0x00000491   Thumb Code     0  _printf_f.o(.ARM.Collect$$_printf_percent$$00000003)
    _printf_e                                0x00000497   Thumb Code     0  _printf_e.o(.ARM.Collect$$_printf_percent$$00000004)
    _printf_g                                0x0000049d   Thumb Code     0  _printf_g.o(.ARM.Collect$$_printf_percent$$00000005)
    _printf_a                                0x000004a3   Thumb Code     0  _printf_a.o(.ARM.Collect$$_printf_percent$$00000006)
    _printf_ll                               0x000004a9   Thumb Code     0  _printf_ll.o(.ARM.Collect$$_printf_percent$$00000007)
    _printf_i                                0x000004b3   Thumb Code     0  _printf_i.o(.ARM.Collect$$_printf_percent$$00000008)
    _printf_d                                0x000004b9   Thumb Code     0  _printf_d.o(.ARM.Collect$$_printf_percent$$00000009)
    _printf_u                                0x000004bf   Thumb Code     0  _printf_u.o(.ARM.Collect$$_printf_percent$$0000000A)
    _printf_o                                0x000004c5   Thumb Code     0  _printf_o.o(.ARM.Collect$$_printf_percent$$0000000B)
    _printf_x                                0x000004cb   Thumb Code     0  _printf_x.o(.ARM.Collect$$_printf_percent$$0000000C)
    _printf_lli                              0x000004d1   Thumb Code     0  _printf_lli.o(.ARM.Collect$$_printf_percent$$0000000D)
    _printf_lld                              0x000004d7   Thumb Code     0  _printf_lld.o(.ARM.Collect$$_printf_percent$$0000000E)
    _printf_llu                              0x000004dd   Thumb Code     0  _printf_llu.o(.ARM.Collect$$_printf_percent$$0000000F)
    _printf_llo                              0x000004e3   Thumb Code     0  _printf_llo.o(.ARM.Collect$$_printf_percent$$00000010)
    _printf_llx                              0x000004e9   Thumb Code     0  _printf_llx.o(.ARM.Collect$$_printf_percent$$00000011)
    _printf_l                                0x000004ef   Thumb Code     0  _printf_l.o(.ARM.Collect$$_printf_percent$$00000012)
    _printf_c                                0x000004f9   Thumb Code     0  _printf_c.o(.ARM.Collect$$_printf_percent$$00000013)
    _printf_s                                0x000004ff   Thumb Code     0  _printf_s.o(.ARM.Collect$$_printf_percent$$00000014)
    _printf_lc                               0x00000505   Thumb Code     0  _printf_lc.o(.ARM.Collect$$_printf_percent$$00000015)
    _printf_ls                               0x0000050b   Thumb Code     0  _printf_ls.o(.ARM.Collect$$_printf_percent$$00000016)
    _printf_percent_end                      0x00000511   Thumb Code     0  _printf_percent_end.o(.ARM.Collect$$_printf_percent$$00000017)
    __rt_lib_init                            0x00000515   Thumb Code     0  libinit.o(.ARM.Collect$$libinit$$00000000)
    __rt_lib_init_fp_1                       0x00000517   Thumb Code     0  libinit2.o(.ARM.Collect$$libinit$$00000001)
    __rt_lib_init_heap_1                     0x0000051b   Thumb Code     0  libinit2.o(.ARM.Collect$$libinit$$0000000A)
    __rt_lib_init_lc_common                  0x0000051b   Thumb Code     0  libinit2.o(.ARM.Collect$$libinit$$0000000F)
    __rt_lib_init_preinit_1                  0x0000051b   Thumb Code     0  libinit2.o(.ARM.Collect$$libinit$$00000004)
    __rt_lib_init_rand_1                     0x0000051b   Thumb Code     0  libinit2.o(.ARM.Collect$$libinit$$0000000E)
    __rt_lib_init_user_alloc_1               0x0000051b   Thumb Code     0  libinit2.o(.ARM.Collect$$libinit$$0000000C)
    __rt_lib_init_lc_collate_1               0x00000521   Thumb Code     0  libinit2.o(.ARM.Collect$$libinit$$00000011)
    __rt_lib_init_lc_ctype_2                 0x00000521   Thumb Code     0  libinit2.o(.ARM.Collect$$libinit$$00000012)
    __rt_lib_init_lc_ctype_1                 0x0000052d   Thumb Code     0  libinit2.o(.ARM.Collect$$libinit$$00000013)
    __rt_lib_init_lc_monetary_1              0x0000052d   Thumb Code     0  libinit2.o(.ARM.Collect$$libinit$$00000015)
    __rt_lib_init_lc_numeric_2               0x0000052d   Thumb Code     0  libinit2.o(.ARM.Collect$$libinit$$00000016)
    __rt_lib_init_alloca_1                   0x00000537   Thumb Code     0  libinit2.o(.ARM.Collect$$libinit$$0000002E)
    __rt_lib_init_argv_1                     0x00000537   Thumb Code     0  libinit2.o(.ARM.Collect$$libinit$$0000002C)
    __rt_lib_init_atexit_1                   0x00000537   Thumb Code     0  libinit2.o(.ARM.Collect$$libinit$$0000001B)
    __rt_lib_init_clock_1                    0x00000537   Thumb Code     0  libinit2.o(.ARM.Collect$$libinit$$00000021)
    __rt_lib_init_cpp_1                      0x00000537   Thumb Code     0  libinit2.o(.ARM.Collect$$libinit$$00000032)
    __rt_lib_init_exceptions_1               0x00000537   Thumb Code     0  libinit2.o(.ARM.Collect$$libinit$$00000030)
    __rt_lib_init_fp_trap_1                  0x00000537   Thumb Code     0  libinit2.o(.ARM.Collect$$libinit$$0000001F)
    __rt_lib_init_getenv_1                   0x00000537   Thumb Code     0  libinit2.o(.ARM.Collect$$libinit$$00000023)
    __rt_lib_init_lc_numeric_1               0x00000537   Thumb Code     0  libinit2.o(.ARM.Collect$$libinit$$00000017)
    __rt_lib_init_lc_time_1                  0x00000537   Thumb Code     0  libinit2.o(.ARM.Collect$$libinit$$00000019)
    __rt_lib_init_return                     0x00000537   Thumb Code     0  libinit2.o(.ARM.Collect$$libinit$$00000033)
    __rt_lib_init_signal_1                   0x00000537   Thumb Code     0  libinit2.o(.ARM.Collect$$libinit$$0000001D)
    __rt_lib_init_stdio_1                    0x00000537   Thumb Code     0  libinit2.o(.ARM.Collect$$libinit$$00000025)
    __rt_lib_shutdown                        0x00000539   Thumb Code     0  libshutdown.o(.ARM.Collect$$libshutdown$$00000000)
    __rt_lib_shutdown_cpp_1                  0x0000053b   Thumb Code     0  libshutdown2.o(.ARM.Collect$$libshutdown$$00000002)
    __rt_lib_shutdown_fp_trap_1              0x0000053b   Thumb Code     0  libshutdown2.o(.ARM.Collect$$libshutdown$$00000007)
    __rt_lib_shutdown_heap_1                 0x0000053b   Thumb Code     0  libshutdown2.o(.ARM.Collect$$libshutdown$$0000000F)
    __rt_lib_shutdown_return                 0x0000053b   Thumb Code     0  libshutdown2.o(.ARM.Collect$$libshutdown$$00000010)
    __rt_lib_shutdown_signal_1               0x0000053b   Thumb Code     0  libshutdown2.o(.ARM.Collect$$libshutdown$$0000000A)
    __rt_lib_shutdown_stdio_1                0x0000053b   Thumb Code     0  libshutdown2.o(.ARM.Collect$$libshutdown$$00000004)
    __rt_lib_shutdown_user_alloc_1           0x0000053b   Thumb Code     0  libshutdown2.o(.ARM.Collect$$libshutdown$$0000000C)
    __rt_entry                               0x0000053d   Thumb Code     0  __rtentry.o(.ARM.Collect$$rtentry$$00000000)
    __rt_entry_presh_1                       0x0000053d   Thumb Code     0  __rtentry2.o(.ARM.Collect$$rtentry$$00000002)
    __rt_entry_sh                            0x0000053d   Thumb Code     0  __rtentry4.o(.ARM.Collect$$rtentry$$00000004)
    __rt_entry_li                            0x00000543   Thumb Code     0  __rtentry2.o(.ARM.Collect$$rtentry$$0000000A)
    __rt_entry_postsh_1                      0x00000543   Thumb Code     0  __rtentry2.o(.ARM.Collect$$rtentry$$00000009)
    __rt_entry_main                          0x00000547   Thumb Code     0  __rtentry2.o(.ARM.Collect$$rtentry$$0000000D)
    __rt_entry_postli_1                      0x00000547   Thumb Code     0  __rtentry2.o(.ARM.Collect$$rtentry$$0000000C)
    __rt_exit                                0x0000054f   Thumb Code     0  rtexit.o(.ARM.Collect$$rtexit$$00000000)
    __rt_exit_ls                             0x00000551   Thumb Code     0  rtexit2.o(.ARM.Collect$$rtexit$$00000003)
    __rt_exit_prels_1                        0x00000551   Thumb Code     0  rtexit2.o(.ARM.Collect$$rtexit$$00000002)
    __rt_exit_exit                           0x00000555   Thumb Code     0  rtexit2.o(.ARM.Collect$$rtexit$$00000004)
    init_data_bss                            0x0000055d   Thumb Code     2  startup_mk64f12.o(.text)
    Reset_Handler                            0x0000055f   Thumb Code    12  startup_mk64f12.o(.text)
    NMI_Handler                              0x0000056b   Thumb Code     2  startup_mk64f12.o(.text)
    HardFault_Handler                        0x0000056d   Thumb Code     2  startup_mk64f12.o(.text)
    MemManage_Handler                        0x0000056f   Thumb Code     2  startup_mk64f12.o(.text)
    BusFault_Handler                         0x00000571   Thumb Code     2  startup_mk64f12.o(.text)
    UsageFault_Handler                       0x00000573   Thumb Code     2  startup_mk64f12.o(.text)
    SVC_Handler                              0x00000575   Thumb Code     2  startup_mk64f12.o(.text)
    DebugMon_Handler                         0x00000577   Thumb Code     2  startup_mk64f12.o(.text)
    PendSV_Handler                           0x00000579   Thumb Code     2  startup_mk64f12.o(.text)
    SysTick_Handler                          0x0000057b   Thumb Code     2  startup_mk64f12.o(.text)
    ADC0_IRQHandler                          0x0000057d   Thumb Code     0  startup_mk64f12.o(.text)
    ADC1_IRQHandler                          0x0000057d   Thumb Code     0  startup_mk64f12.o(.text)
    CAN0_Bus_Off_IRQHandler                  0x0000057d   Thumb Code     0  startup_mk64f12.o(.text)
    CAN0_Error_IRQHandler                    0x0000057d   Thumb Code     0  startup_mk64f12.o(.text)
    CAN0_ORed_Message_buffer_IRQHandler      0x0000057d   Thumb Code     0  startup_mk64f12.o(.text)
    CAN0_Rx_Warning_IRQHandler               0x0000057d   Thumb Code     0  startup_mk64f12.o(.text)
    CAN0_Tx_Warning_IRQHandler               0x0000057d   Thumb Code     0  startup_mk64f12.o(.text)
    CAN0_Wake_Up_IRQHandler                  0x0000057d   Thumb Code     0  startup_mk64f12.o(.text)
    CMP0_IRQHandler                          0x0000057d   Thumb Code     0  startup_mk64f12.o(.text)
    CMP1_IRQHandler                          0x0000057d   Thumb Code     0  startup_mk64f12.o(.text)
    CMP2_IRQHandler                          0x0000057d   Thumb Code     0  startup_mk64f12.o(.text)
    CMT_IRQHandler                           0x0000057d   Thumb Code     0  startup_mk64f12.o(.text)
    DAC0_IRQHandler                          0x0000057d   Thumb Code     0  startup_mk64f12.o(.text)
    DAC1_IRQHandler                          0x0000057d   Thumb Code     0  startup_mk64f12.o(.text)
    DMA0_IRQHandler                          0x0000057d   Thumb Code     0  startup_mk64f12.o(.text)
    DMA10_IRQHandler                         0x0000057d   Thumb Code     0  startup_mk64f12.o(.text)
    DMA11_IRQHandler                         0x0000057d   Thumb Code     0  startup_mk64f12.o(.text)
    DMA12_IRQHandler                         0x0000057d   Thumb Code     0  startup_mk64f12.o(.text)
    DMA13_IRQHandler                         0x0000057d   Thumb Code     0  startup_mk64f12.o(.text)
    DMA14_IRQHandler                         0x0000057d   Thumb Code     0  startup_mk64f12.o(.text)
    DMA15_IRQHandler                         0x0000057d   Thumb Code     0  startup_mk64f12.o(.text)
    DMA1_IRQHandler                          0x0000057d   Thumb Code     0  startup_mk64f12.o(.text)
    DMA2_IRQHandler                          0x0000057d   Thumb Code     0  startup_mk64f12.o(.text)
    DMA3_IRQHandler                          0x0000057d   Thumb Code     0  startup_mk64f12.o(.text)
    DMA4_IRQHandler                          0x0000057d   Thumb Code     0  startup_mk64f12.o(.text)
    DMA5_IRQHandler                          0x0000057d   Thumb Code     0  startup_mk64f12.o(.text)
    DMA6_IRQHandler                          0x0000057d   Thumb Code     0  startup_mk64f12.o(.text)
    DMA7_IRQHandler                          0x0000057d   Thumb Code     0  startup_mk64f12.o(.text)
    DMA8_IRQHandler                          0x0000057d   Thumb Code     0  startup_mk64f12.o(.text)
    DMA9_IRQHandler                          0x0000057d   Thumb Code     0  startup_mk64f12.o(.text)
    DMA_Error_IRQHandler                     0x0000057d   Thumb Code     0  startup_mk64f12.o(.text)
    DefaultISR                               0x0000057d   Thumb Code     0  startup_mk64f12.o(.text)
    ENET_1588_Timer_IRQHandler               0x0000057d   Thumb Code     0  startup_mk64f12.o(.text)
    ENET_Error_IRQHandler                    0x0000057d   Thumb Code     0  startup_mk64f12.o(.text)
    ENET_Receive_IRQHandler                  0x0000057d   Thumb Code     0  startup_mk64f12.o(.text)
    ENET_Transmit_IRQHandler                 0x0000057d   Thumb Code     0  startup_mk64f12.o(.text)
    FTFE_IRQHandler                          0x0000057d   Thumb Code     0  startup_mk64f12.o(.text)
    FTM0_IRQHandler                          0x0000057d   Thumb Code     0  startup_mk64f12.o(.text)
    FTM1_IRQHandler                          0x0000057d   Thumb Code     0  startup_mk64f12.o(.text)
    FTM2_IRQHandler                          0x0000057d   Thumb Code     0  startup_mk64f12.o(.text)
    FTM3_IRQHandler                          0x0000057d   Thumb Code     0  startup_mk64f12.o(.text)
    I2C1_IRQHandler                          0x0000057d   Thumb Code     0  startup_mk64f12.o(.text)
    I2C2_IRQHandler                          0x0000057d   Thumb Code     0  startup_mk64f12.o(.text)
    I2S0_Rx_IRQHandler                       0x0000057d   Thumb Code     0  startup_mk64f12.o(.text)
    I2S0_Tx_IRQHandler                       0x0000057d   Thumb Code     0  startup_mk64f12.o(.text)
    LLW_IRQHandler                           0x0000057d   Thumb Code     0  startup_mk64f12.o(.text)
    LPTimer_IRQHandler                       0x0000057d   Thumb Code     0  startup_mk64f12.o(.text)
    LVD_LVW_IRQHandler                       0x0000057d   Thumb Code     0  startup_mk64f12.o(.text)
    MCG_IRQHandler                           0x0000057d   Thumb Code     0  startup_mk64f12.o(.text)
    MCM_IRQHandler                           0x0000057d   Thumb Code     0  startup_mk64f12.o(.text)
    PDB0_IRQHandler                          0x0000057d   Thumb Code     0  startup_mk64f12.o(.text)
    PIT0_IRQHandler                          0x0000057d   Thumb Code     0  startup_mk64f12.o(.text)
    PIT1_IRQHandler                          0x0000057d   Thumb Code     0  startup_mk64f12.o(.text)
    PIT2_IRQHandler                          0x0000057d   Thumb Code     0  startup_mk64f12.o(.text)
    PIT3_IRQHandler                          0x0000057d   Thumb Code     0  startup_mk64f12.o(.text)
    PORTA_IRQHandler                         0x0000057d   Thumb Code     0  startup_mk64f12.o(.text)
    PORTB_IRQHandler                         0x0000057d   Thumb Code     0  startup_mk64f12.o(.text)
    PORTD_IRQHandler                         0x0000057d   Thumb Code     0  startup_mk64f12.o(.text)
    PORTE_IRQHandler                         0x0000057d   Thumb Code     0  startup_mk64f12.o(.text)
    RNG_IRQHandler                           0x0000057d   Thumb Code     0  startup_mk64f12.o(.text)
    RTC_IRQHandler                           0x0000057d   Thumb Code     0  startup_mk64f12.o(.text)
    RTC_Seconds_IRQHandler                   0x0000057d   Thumb Code     0  startup_mk64f12.o(.text)
    Read_Collision_IRQHandler                0x0000057d   Thumb Code     0  startup_mk64f12.o(.text)
    Reserved71_IRQHandler                    0x0000057d   Thumb Code     0  startup_mk64f12.o(.text)
    SDHC_IRQHandler                          0x0000057d   Thumb Code     0  startup_mk64f12.o(.text)
    SPI0_IRQHandler                          0x0000057d   Thumb Code     0  startup_mk64f12.o(.text)
    SPI1_IRQHandler                          0x0000057d   Thumb Code     0  startup_mk64f12.o(.text)
    SPI2_IRQHandler                          0x0000057d   Thumb Code     0  startup_mk64f12.o(.text)
    SWI_IRQHandler                           0x0000057d   Thumb Code     0  startup_mk64f12.o(.text)
    UART0_ERR_IRQHandler                     0x0000057d   Thumb Code     0  startup_mk64f12.o(.text)
    UART0_LON_IRQHandler                     0x0000057d   Thumb Code     0  startup_mk64f12.o(.text)
    UART0_RX_TX_IRQHandler                   0x0000057d   Thumb Code     0  startup_mk64f12.o(.text)
    UART1_ERR_IRQHandler                     0x0000057d   Thumb Code     0  startup_mk64f12.o(.text)
    UART1_RX_TX_IRQHandler                   0x0000057d   Thumb Code     0  startup_mk64f12.o(.text)
    UART2_ERR_IRQHandler                     0x0000057d   Thumb Code     0  startup_mk64f12.o(.text)
    UART2_RX_TX_IRQHandler                   0x0000057d   Thumb Code     0  startup_mk64f12.o(.text)
    UART3_ERR_IRQHandler                     0x0000057d   Thumb Code     0  startup_mk64f12.o(.text)
    UART3_RX_TX_IRQHandler                   0x0000057d   Thumb Code     0  startup_mk64f12.o(.text)
    UART4_ERR_IRQHandler                     0x0000057d   Thumb Code     0  startup_mk64f12.o(.text)
    UART4_RX_TX_IRQHandler                   0x0000057d   Thumb Code     0  startup_mk64f12.o(.text)
    UART5_ERR_IRQHandler                     0x0000057d   Thumb Code     0  startup_mk64f12.o(.text)
    UART5_RX_TX_IRQHandler                   0x0000057d   Thumb Code     0  startup_mk64f12.o(.text)
    USB0_IRQHandler                          0x0000057d   Thumb Code     0  startup_mk64f12.o(.text)
    USBDCD_IRQHandler                        0x0000057d   Thumb Code     0  startup_mk64f12.o(.text)
    Watchdog_IRQHandler                      0x0000057d   Thumb Code     0  startup_mk64f12.o(.text)
    __user_initial_stackheap                 0x00000581   Thumb Code     0  startup_mk64f12.o(.text)
    sprintf                                  0x000005a9   Thumb Code    38  sprintf.o(.text)
    __2sprintf                               0x000005d5   Thumb Code    38  __2sprintf.o(.text)
    _printf_int_dec                          0x00000601   Thumb Code   104  _printf_dec.o(.text)
    __printf                                 0x00000679   Thumb Code   388  __printf_flags_ss_wp.o(.text)
    __aeabi_assert                           0x00000801   Thumb Code    86  assert.o(.text)
    __assert                                 0x00000801   Thumb Code     0  assert.o(.text)
    __aeabi_memclr4                          0x00000881   Thumb Code     0  rt_memclr_w.o(.text)
    __aeabi_memclr8                          0x00000881   Thumb Code     0  rt_memclr_w.o(.text)
    __rt_memclr_w                            0x00000881   Thumb Code    78  rt_memclr_w.o(.text)
    _memset_w                                0x00000885   Thumb Code     0  rt_memclr_w.o(.text)
    __use_two_region_memory                  0x000008cf   Thumb Code     2  heapauxi.o(.text)
    __rt_heap_escrow                         0x000008d1   Thumb Code     2  heapauxi.o(.text)
    __rt_heap_expand                         0x000008d3   Thumb Code     2  heapauxi.o(.text)
    _printf_pre_padding                      0x000008d5   Thumb Code    44  _printf_pad.o(.text)
    _printf_post_padding                     0x00000901   Thumb Code    34  _printf_pad.o(.text)
    _printf_truncate_signed                  0x00000923   Thumb Code    18  _printf_truncate.o(.text)
    _printf_truncate_unsigned                0x00000935   Thumb Code    18  _printf_truncate.o(.text)
    _printf_str                              0x00000947   Thumb Code    82  _printf_str.o(.text)
    _printf_int_common                       0x00000999   Thumb Code   178  _printf_intcommon.o(.text)
    _printf_charcount                        0x00000a4b   Thumb Code    40  _printf_charcount.o(.text)
    _printf_char_common                      0x00000a7f   Thumb Code    32  _printf_char_common.o(.text)
    _sputc                                   0x00000aa5   Thumb Code    10  _sputc.o(.text)
    _printf_wctomb                           0x00000ab1   Thumb Code   182  _printf_wctomb.o(.text)
    _printf_longlong_dec                     0x00000b6d   Thumb Code   108  _printf_longlong_dec.o(.text)
    _printf_longlong_oct                     0x00000be9   Thumb Code    66  _printf_oct_int_ll.o(.text)
    _printf_int_oct                          0x00000c2b   Thumb Code    24  _printf_oct_int_ll.o(.text)
    _printf_ll_oct                           0x00000c43   Thumb Code    12  _printf_oct_int_ll.o(.text)
    _printf_longlong_hex                     0x00000c59   Thumb Code    86  _printf_hex_int_ll_ptr.o(.text)
    _printf_int_hex                          0x00000caf   Thumb Code    28  _printf_hex_int_ll_ptr.o(.text)
    _printf_ll_hex                           0x00000ccb   Thumb Code    12  _printf_hex_int_ll_ptr.o(.text)
    _printf_hex_ptr                          0x00000cd7   Thumb Code    18  _printf_hex_int_ll_ptr.o(.text)
    abort                                    0x00000ced   Thumb Code    22  abort.o(.text)
    __assert_puts                            0x00000d03   Thumb Code    20  assert_puts.o(.text)
    _ttywrch                                 0x00000d17   Thumb Code    14  sys_wrch.o(.text)
    _sys_exit                                0x00000d25   Thumb Code     8  sys_exit.o(.text)
    __user_libspace                          0x00000d31   Thumb Code     8  libspace.o(.text)
    __user_perproc_libspace                  0x00000d31   Thumb Code     0  libspace.o(.text)
    __user_perthread_libspace                0x00000d31   Thumb Code     0  libspace.o(.text)
    _ll_udiv10                               0x00000d39   Thumb Code   138  lludiv10.o(.text)
    __lib_sel_fp_printf                      0x00000dc3   Thumb Code     2  _printf_fp_dec.o(.text)
    _printf_fp_dec_real                      0x00000f75   Thumb Code   620  _printf_fp_dec.o(.text)
    _printf_fp_hex_real                      0x000011e1   Thumb Code   756  _printf_fp_hex.o(.text)
    _printf_cs_common                        0x000014dd   Thumb Code    20  _printf_char.o(.text)
    _printf_char                             0x000014f1   Thumb Code    16  _printf_char.o(.text)
    _printf_string                           0x00001501   Thumb Code     8  _printf_char.o(.text)
    _printf_lcs_common                       0x00001509   Thumb Code    20  _printf_wchar.o(.text)
    _printf_wchar                            0x0000151d   Thumb Code    16  _printf_wchar.o(.text)
    _printf_wstring                          0x0000152d   Thumb Code     8  _printf_wchar.o(.text)
    _wcrtomb                                 0x00001535   Thumb Code    64  _wcrtomb.o(.text)
    __rt_SIGABRT                             0x00001575   Thumb Code    14  defsig_abrt_outer.o(.text)
    __I$use$semihosting                      0x00001583   Thumb Code     0  use_no_semi.o(.text)
    __use_no_semihosting_swi                 0x00001583   Thumb Code     2  use_no_semi.o(.text)
    __semihosting_library_function           0x00001585   Thumb Code     0  indicate_semi.o(.text)
    __user_setup_stackheap                   0x00001585   Thumb Code    74  sys_stackheap_outer.o(.text)
    __rt_ctype_table                         0x000015d1   Thumb Code    16  rt_ctype_table.o(.text)
    __rt_locale                              0x000015e1   Thumb Code     8  rt_locale_intlibspace.o(.text)
    _printf_fp_infnan                        0x000015e9   Thumb Code   112  _printf_fp_infnan.o(.text)
    _btod_etento                             0x00001669   Thumb Code   224  bigflt0.o(.text)
    exit                                     0x0000174d   Thumb Code    18  exit.o(.text)
    __sig_exit                               0x0000175f   Thumb Code    10  defsig_exit.o(.text)
    __rt_SIGABRT_inner                       0x00001769   Thumb Code    14  defsig_abrt_inner.o(.text)
    __default_signal_display                 0x00001799   Thumb Code    50  defsig_general.o(.text)
    strcmp                                   0x000017cd   Thumb Code   128  strcmpv7m.o(.text)
    _btod_d2e                                0x0000184d   Thumb Code    62  btod.o(CL$$btod_d2e)
    _d2e_denorm_low                          0x0000188b   Thumb Code    70  btod.o(CL$$btod_d2e_denorm_low)
    _d2e_norm_op1                            0x000018d1   Thumb Code    96  btod.o(CL$$btod_d2e_norm_op1)
    __btod_div_common                        0x00001931   Thumb Code   696  btod.o(CL$$btod_div_common)
    _e2e                                     0x00001c69   Thumb Code   220  btod.o(CL$$btod_e2e)
    _btod_ediv                               0x00001d45   Thumb Code    42  btod.o(CL$$btod_ediv)
    _btod_emul                               0x00001d6f   Thumb Code    42  btod.o(CL$$btod_emul)
    __btod_mult_common                       0x00001d99   Thumb Code   580  btod.o(CL$$btod_mult_common)
    ACCEL_ReadWhoAmI                         0x00001fdd   Thumb Code   196  3140_accel.o(i.ACCEL_ReadWhoAmI)
    ACCEL_getAccelDat                        0x000020b1   Thumb Code    80  3140_accel.o(i.ACCEL_getAccelDat)
    ACCEL_getDefaultConfig                   0x00002101   Thumb Code    78  3140_accel.o(i.ACCEL_getDefaultConfig)
    GPIO_PinInit                             0x0000219d   Thumb Code    80  fsl_gpio.o(i.GPIO_PinInit)
    I2C0_DriverIRQHandler                    0x00002219   Thumb Code    14  fsl_i2c.o(i.I2C0_DriverIRQHandler)
    I2C_DisableInterrupts                    0x00002251   Thumb Code    30  fsl_i2c.o(i.I2C_DisableInterrupts)
    I2C_EnableInterrupts                     0x0000226f   Thumb Code    34  fsl_i2c.o(i.I2C_EnableInterrupts)
    I2C_GetInstance                          0x00002291   Thumb Code    48  fsl_i2c.o(i.I2C_GetInstance)
    I2C_Init                                 0x000022ed   Thumb Code    86  3140_i2c.o(i.I2C_Init)
    I2C_MasterGetDefaultConfig               0x00002429   Thumb Code    44  fsl_i2c.o(i.I2C_MasterGetDefaultConfig)
    I2C_MasterGetStatusFlags                 0x00002475   Thumb Code    30  fsl_i2c.o(i.I2C_MasterGetStatusFlags)
    I2C_MasterInit                           0x00002495   Thumb Code   154  fsl_i2c.o(i.I2C_MasterInit)
    I2C_MasterRepeatedStart                  0x00002565   Thumb Code   102  fsl_i2c.o(i.I2C_MasterRepeatedStart)
    I2C_MasterSetBaudRate                    0x000025cd   Thumb Code   138  fsl_i2c.o(i.I2C_MasterSetBaudRate)
    I2C_MasterStart                          0x0000265d   Thumb Code    58  fsl_i2c.o(i.I2C_MasterStart)
    I2C_MasterStop                           0x00002697   Thumb Code    26  fsl_i2c.o(i.I2C_MasterStop)
    I2C_MasterTransferCreateHandle           0x000026b1   Thumb Code    72  fsl_i2c.o(i.I2C_MasterTransferCreateHandle)
    I2C_MasterTransferHandleIRQ              0x0000271d   Thumb Code   124  fsl_i2c.o(i.I2C_MasterTransferHandleIRQ)
    I2C_MasterTransferNonBlocking            0x000027b1   Thumb Code    82  fsl_i2c.o(i.I2C_MasterTransferNonBlocking)
    I2C_ReadRegs                             0x000029c1   Thumb Code   102  3140_i2c.o(i.I2C_ReadRegs)
    I2C_ReleaseBus                           0x00002a39   Thumb Code   234  3140_i2c.o(i.I2C_ReleaseBus)
    I2C_WriteReg                             0x00002b81   Thumb Code   112  3140_i2c.o(i.I2C_WriteReg)
    LEDGreen_Off                             0x00002c01   Thumb Code    16  utils.o(i.LEDGreen_Off)
    LEDGreen_On                              0x00002c19   Thumb Code    16  utils.o(i.LEDGreen_On)
    LEDRed_Off                               0x00002c31   Thumb Code    14  utils.o(i.LEDRed_Off)
    LEDRed_On                                0x00002c45   Thumb Code    14  utils.o(i.LEDRed_On)
    LED_Initialize                           0x00002c59   Thumb Code    50  utils.o(i.LED_Initialize)
    PORTC_IRQHandler                         0x00002ca1   Thumb Code    56  main.o(i.PORTC_IRQHandler)
    SystemInit                               0x00002d15   Thumb Code   136  system_mk64f12.o(i.SystemInit)
    __ARM_fpclassify                         0x00002db5   Thumb Code    48  fpclassify.o(i.__ARM_fpclassify)
    _is_digit                                0x00002de5   Thumb Code    14  __printf_wp.o(i._is_digit)
    i2c_master_callback                      0x00002df5   Thumb Code    32  3140_i2c.o(i.i2c_master_callback)
    main                                     0x00002e2d   Thumb Code   298  main.o(i.main)
    pressKey                                 0x00002f79   Thumb Code    24  main.o(i.pressKey)
    releaseKeys                              0x00002f9d   Thumb Code    96  main.o(i.releaseKeys)
    uart_init                                0x00003009   Thumb Code   132  3140_serial.o(i.uart_init)
    uart_putChar                             0x0000309d   Thumb Code    20  3140_serial.o(i.uart_putChar)
    uart_putString                           0x000030b5   Thumb Code    22  3140_serial.o(i.uart_putString)
    _get_lc_numeric                          0x000030cd   Thumb Code    44  lc_numeric_c.o(locale$$code)
    _get_lc_ctype                            0x000030f9   Thumb Code    44  lc_ctype_c.o(locale$$code)
    _fp_init                                 0x00003125   Thumb Code    10  fpinit.o(x$fpl$fpinit)
    __fplib_config_fpu_vfp                   0x0000312d   Thumb Code     0  fpinit.o(x$fpl$fpinit)
    __fplib_config_pureend_doubles           0x0000312d   Thumb Code     0  fpinit.o(x$fpl$fpinit)
    _printf_fp_dec                           0x0000312f   Thumb Code     4  printf1.o(x$fpl$printf1)
    _printf_fp_hex                           0x00003133   Thumb Code     4  printf2.o(x$fpl$printf2)
    __I$use$fp                               0x00003136   Number         0  usenofp.o(x$fpl$usenofp)
    Region$$Table$$Base                      0x000033d4   Number         0  anon$$obj.o(Region$$Table)
    Region$$Table$$Limit                     0x000033f4   Number         0  anon$$obj.o(Region$$Table)
    __ctype                                  0x0000341d   Data           0  lc_ctype_c.o(locale$$data)
    isOn                                     0x20000000   Data           4  main.o(.data)
    nakFlag                                  0x20000004   Data           1  3140_i2c.o(.data)
    completionFlag                           0x20000005   Data           1  3140_i2c.o(.data)
    SystemCoreClock                          0x20000010   Data           4  system_mk64f12.o(.data)
    g_m_handle                               0x20000014   Data          40  3140_i2c.o(.bss)
    __libspace_start                         0x20000048   Data          96  libspace.o(.bss)
    __temporary_stack_top$libspace           0x200000a8   Data           0  libspace.o(.bss)



==============================================================================

Memory Map of the image

  Image Entry point : 0x0000055f

  Load Region LR_1 (Base: 0x00000000, Size: 0x00003534, Max: 0xffffffff, ABSOLUTE)

    Execution Region ER_RO (Exec base: 0x00000000, Load base: 0x00000000, Size: 0x00003520, Max: 0xffffffff, ABSOLUTE)

    Exec Addr    Load Addr    Size         Type   Attr      Idx    E Section Name        Object

    0x00000000   0x00000000   0x00000400   Data   RO         1126    RESET               startup_mk64f12.o
    0x00000400   0x00000400   0x00000010   Code   RO         1127    .ARM.__at_0x400     startup_mk64f12.o
    0x00000410   0x00000410   0x00000008   Code   RO         1274  * !!!main             c_w.l(__main.o)
    0x00000418   0x00000418   0x00000034   Code   RO         1633    !!!scatter          c_w.l(__scatter.o)
    0x0000044c   0x0000044c   0x0000001a   Code   RO         1635    !!handler_copy      c_w.l(__scatter_copy.o)
    0x00000466   0x00000466   0x00000002   PAD
    0x00000468   0x00000468   0x0000001c   Code   RO         1637    !!handler_zi        c_w.l(__scatter_zi.o)
    0x00000484   0x00000484   0x00000000   Code   RO         1267    .ARM.Collect$$_printf_percent$$00000000  c_w.l(_printf_percent.o)
    0x00000484   0x00000484   0x00000006   Code   RO         1356    .ARM.Collect$$_printf_percent$$00000001  c_w.l(_printf_n.o)
    0x0000048a   0x0000048a   0x00000006   Code   RO         1358    .ARM.Collect$$_printf_percent$$00000002  c_w.l(_printf_p.o)
    0x00000490   0x00000490   0x00000006   Code   RO         1362    .ARM.Collect$$_printf_percent$$00000003  c_w.l(_printf_f.o)
    0x00000496   0x00000496   0x00000006   Code   RO         1363    .ARM.Collect$$_printf_percent$$00000004  c_w.l(_printf_e.o)
    0x0000049c   0x0000049c   0x00000006   Code   RO         1364    .ARM.Collect$$_printf_percent$$00000005  c_w.l(_printf_g.o)
    0x000004a2   0x000004a2   0x00000006   Code   RO         1365    .ARM.Collect$$_printf_percent$$00000006  c_w.l(_printf_a.o)
    0x000004a8   0x000004a8   0x0000000a   Code   RO         1370    .ARM.Collect$$_printf_percent$$00000007  c_w.l(_printf_ll.o)
    0x000004b2   0x000004b2   0x00000006   Code   RO         1360    .ARM.Collect$$_printf_percent$$00000008  c_w.l(_printf_i.o)
    0x000004b8   0x000004b8   0x00000006   Code   RO         1266    .ARM.Collect$$_printf_percent$$00000009  c_w.l(_printf_d.o)
    0x000004be   0x000004be   0x00000006   Code   RO         1361    .ARM.Collect$$_printf_percent$$0000000A  c_w.l(_printf_u.o)
    0x000004c4   0x000004c4   0x00000006   Code   RO         1359    .ARM.Collect$$_printf_percent$$0000000B  c_w.l(_printf_o.o)
    0x000004ca   0x000004ca   0x00000006   Code   RO         1357    .ARM.Collect$$_printf_percent$$0000000C  c_w.l(_printf_x.o)
    0x000004d0   0x000004d0   0x00000006   Code   RO         1367    .ARM.Collect$$_printf_percent$$0000000D  c_w.l(_printf_lli.o)
    0x000004d6   0x000004d6   0x00000006   Code   RO         1368    .ARM.Collect$$_printf_percent$$0000000E  c_w.l(_printf_lld.o)
    0x000004dc   0x000004dc   0x00000006   Code   RO         1369    .ARM.Collect$$_printf_percent$$0000000F  c_w.l(_printf_llu.o)
    0x000004e2   0x000004e2   0x00000006   Code   RO         1374    .ARM.Collect$$_printf_percent$$00000010  c_w.l(_printf_llo.o)
    0x000004e8   0x000004e8   0x00000006   Code   RO         1375    .ARM.Collect$$_printf_percent$$00000011  c_w.l(_printf_llx.o)
    0x000004ee   0x000004ee   0x0000000a   Code   RO         1371    .ARM.Collect$$_printf_percent$$00000012  c_w.l(_printf_l.o)
    0x000004f8   0x000004f8   0x00000006   Code   RO         1354    .ARM.Collect$$_printf_percent$$00000013  c_w.l(_printf_c.o)
    0x000004fe   0x000004fe   0x00000006   Code   RO         1355    .ARM.Collect$$_printf_percent$$00000014  c_w.l(_printf_s.o)
    0x00000504   0x00000504   0x00000006   Code   RO         1372    .ARM.Collect$$_printf_percent$$00000015  c_w.l(_printf_lc.o)
    0x0000050a   0x0000050a   0x00000006   Code   RO         1373    .ARM.Collect$$_printf_percent$$00000016  c_w.l(_printf_ls.o)
    0x00000510   0x00000510   0x00000004   Code   RO         1366    .ARM.Collect$$_printf_percent$$00000017  c_w.l(_printf_percent_end.o)
    0x00000514   0x00000514   0x00000002   Code   RO         1568    .ARM.Collect$$libinit$$00000000  c_w.l(libinit.o)
    0x00000516   0x00000516   0x00000004   Code   RO         1384    .ARM.Collect$$libinit$$00000001  c_w.l(libinit2.o)
    0x0000051a   0x0000051a   0x00000000   Code   RO         1387    .ARM.Collect$$libinit$$00000004  c_w.l(libinit2.o)
    0x0000051a   0x0000051a   0x00000000   Code   RO         1390    .ARM.Collect$$libinit$$0000000A  c_w.l(libinit2.o)
    0x0000051a   0x0000051a   0x00000000   Code   RO         1392    .ARM.Collect$$libinit$$0000000C  c_w.l(libinit2.o)
    0x0000051a   0x0000051a   0x00000000   Code   RO         1394    .ARM.Collect$$libinit$$0000000E  c_w.l(libinit2.o)
    0x0000051a   0x0000051a   0x00000006   Code   RO         1395    .ARM.Collect$$libinit$$0000000F  c_w.l(libinit2.o)
    0x00000520   0x00000520   0x00000000   Code   RO         1397    .ARM.Collect$$libinit$$00000011  c_w.l(libinit2.o)
    0x00000520   0x00000520   0x0000000c   Code   RO         1398    .ARM.Collect$$libinit$$00000012  c_w.l(libinit2.o)
    0x0000052c   0x0000052c   0x00000000   Code   RO         1399    .ARM.Collect$$libinit$$00000013  c_w.l(libinit2.o)
    0x0000052c   0x0000052c   0x00000000   Code   RO         1401    .ARM.Collect$$libinit$$00000015  c_w.l(libinit2.o)
    0x0000052c   0x0000052c   0x0000000a   Code   RO         1402    .ARM.Collect$$libinit$$00000016  c_w.l(libinit2.o)
    0x00000536   0x00000536   0x00000000   Code   RO         1403    .ARM.Collect$$libinit$$00000017  c_w.l(libinit2.o)
    0x00000536   0x00000536   0x00000000   Code   RO         1405    .ARM.Collect$$libinit$$00000019  c_w.l(libinit2.o)
    0x00000536   0x00000536   0x00000000   Code   RO         1407    .ARM.Collect$$libinit$$0000001B  c_w.l(libinit2.o)
    0x00000536   0x00000536   0x00000000   Code   RO         1409    .ARM.Collect$$libinit$$0000001D  c_w.l(libinit2.o)
    0x00000536   0x00000536   0x00000000   Code   RO         1411    .ARM.Collect$$libinit$$0000001F  c_w.l(libinit2.o)
    0x00000536   0x00000536   0x00000000   Code   RO         1413    .ARM.Collect$$libinit$$00000021  c_w.l(libinit2.o)
    0x00000536   0x00000536   0x00000000   Code   RO         1415    .ARM.Collect$$libinit$$00000023  c_w.l(libinit2.o)
    0x00000536   0x00000536   0x00000000   Code   RO         1417    .ARM.Collect$$libinit$$00000025  c_w.l(libinit2.o)
    0x00000536   0x00000536   0x00000000   Code   RO         1421    .ARM.Collect$$libinit$$0000002C  c_w.l(libinit2.o)
    0x00000536   0x00000536   0x00000000   Code   RO         1423    .ARM.Collect$$libinit$$0000002E  c_w.l(libinit2.o)
    0x00000536   0x00000536   0x00000000   Code   RO         1425    .ARM.Collect$$libinit$$00000030  c_w.l(libinit2.o)
    0x00000536   0x00000536   0x00000000   Code   RO         1427    .ARM.Collect$$libinit$$00000032  c_w.l(libinit2.o)
    0x00000536   0x00000536   0x00000002   Code   RO         1428    .ARM.Collect$$libinit$$00000033  c_w.l(libinit2.o)
    0x00000538   0x00000538   0x00000002   Code   RO         1630    .ARM.Collect$$libshutdown$$00000000  c_w.l(libshutdown.o)
    0x0000053a   0x0000053a   0x00000000   Code   RO         1592    .ARM.Collect$$libshutdown$$00000002  c_w.l(libshutdown2.o)
    0x0000053a   0x0000053a   0x00000000   Code   RO         1594    .ARM.Collect$$libshutdown$$00000004  c_w.l(libshutdown2.o)
    0x0000053a   0x0000053a   0x00000000   Code   RO         1597    .ARM.Collect$$libshutdown$$00000007  c_w.l(libshutdown2.o)
    0x0000053a   0x0000053a   0x00000000   Code   RO         1600    .ARM.Collect$$libshutdown$$0000000A  c_w.l(libshutdown2.o)
    0x0000053a   0x0000053a   0x00000000   Code   RO         1602    .ARM.Collect$$libshutdown$$0000000C  c_w.l(libshutdown2.o)
    0x0000053a   0x0000053a   0x00000000   Code   RO         1605    .ARM.Collect$$libshutdown$$0000000F  c_w.l(libshutdown2.o)
    0x0000053a   0x0000053a   0x00000002   Code   RO         1606    .ARM.Collect$$libshutdown$$00000010  c_w.l(libshutdown2.o)
    0x0000053c   0x0000053c   0x00000000   Code   RO         1278    .ARM.Collect$$rtentry$$00000000  c_w.l(__rtentry.o)
    0x0000053c   0x0000053c   0x00000000   Code   RO         1447    .ARM.Collect$$rtentry$$00000002  c_w.l(__rtentry2.o)
    0x0000053c   0x0000053c   0x00000006   Code   RO         1459    .ARM.Collect$$rtentry$$00000004  c_w.l(__rtentry4.o)
    0x00000542   0x00000542   0x00000000   Code   RO         1449    .ARM.Collect$$rtentry$$00000009  c_w.l(__rtentry2.o)
    0x00000542   0x00000542   0x00000004   Code   RO         1450    .ARM.Collect$$rtentry$$0000000A  c_w.l(__rtentry2.o)
    0x00000546   0x00000546   0x00000000   Code   RO         1452    .ARM.Collect$$rtentry$$0000000C  c_w.l(__rtentry2.o)
    0x00000546   0x00000546   0x00000008   Code   RO         1453    .ARM.Collect$$rtentry$$0000000D  c_w.l(__rtentry2.o)
    0x0000054e   0x0000054e   0x00000002   Code   RO         1574    .ARM.Collect$$rtexit$$00000000  c_w.l(rtexit.o)
    0x00000550   0x00000550   0x00000000   Code   RO         1608    .ARM.Collect$$rtexit$$00000002  c_w.l(rtexit2.o)
    0x00000550   0x00000550   0x00000004   Code   RO         1609    .ARM.Collect$$rtexit$$00000003  c_w.l(rtexit2.o)
    0x00000554   0x00000554   0x00000006   Code   RO         1610    .ARM.Collect$$rtexit$$00000004  c_w.l(rtexit2.o)
    0x0000055a   0x0000055a   0x00000002   PAD
    0x0000055c   0x0000055c   0x0000004c   Code   RO         1128  * .text               startup_mk64f12.o
    0x000005a8   0x000005a8   0x0000002c   Code   RO         1236    .text               c_w.l(sprintf.o)
    0x000005d4   0x000005d4   0x0000002c   Code   RO         1238    .text               c_w.l(__2sprintf.o)
    0x00000600   0x00000600   0x00000078   Code   RO         1244    .text               c_w.l(_printf_dec.o)
    0x00000678   0x00000678   0x00000188   Code   RO         1263    .text               c_w.l(__printf_flags_ss_wp.o)
    0x00000800   0x00000800   0x00000080   Code   RO         1268    .text               c_w.l(assert.o)
    0x00000880   0x00000880   0x0000004e   Code   RO         1270    .text               c_w.l(rt_memclr_w.o)
    0x000008ce   0x000008ce   0x00000006   Code   RO         1272    .text               c_w.l(heapauxi.o)
    0x000008d4   0x000008d4   0x0000004e   Code   RO         1308    .text               c_w.l(_printf_pad.o)
    0x00000922   0x00000922   0x00000024   Code   RO         1310    .text               c_w.l(_printf_truncate.o)
    0x00000946   0x00000946   0x00000052   Code   RO         1312    .text               c_w.l(_printf_str.o)
    0x00000998   0x00000998   0x000000b2   Code   RO         1314    .text               c_w.l(_printf_intcommon.o)
    0x00000a4a   0x00000a4a   0x00000028   Code   RO         1316    .text               c_w.l(_printf_charcount.o)
    0x00000a72   0x00000a72   0x00000002   PAD
    0x00000a74   0x00000a74   0x00000030   Code   RO         1318    .text               c_w.l(_printf_char_common.o)
    0x00000aa4   0x00000aa4   0x0000000a   Code   RO         1320    .text               c_w.l(_sputc.o)
    0x00000aae   0x00000aae   0x00000002   PAD
    0x00000ab0   0x00000ab0   0x000000bc   Code   RO         1322    .text               c_w.l(_printf_wctomb.o)
    0x00000b6c   0x00000b6c   0x0000007c   Code   RO         1325    .text               c_w.l(_printf_longlong_dec.o)
    0x00000be8   0x00000be8   0x00000070   Code   RO         1331    .text               c_w.l(_printf_oct_int_ll.o)
    0x00000c58   0x00000c58   0x00000094   Code   RO         1351    .text               c_w.l(_printf_hex_int_ll_ptr.o)
    0x00000cec   0x00000cec   0x00000016   Code   RO         1376    .text               c_w.l(abort.o)
    0x00000d02   0x00000d02   0x00000014   Code   RO         1378    .text               c_w.l(assert_puts.o)
    0x00000d16   0x00000d16   0x0000000e   Code   RO         1437    .text               c_w.l(sys_wrch.o)
    0x00000d24   0x00000d24   0x0000000c   Code   RO         1441    .text               c_w.l(sys_exit.o)
    0x00000d30   0x00000d30   0x00000008   Code   RO         1443    .text               c_w.l(libspace.o)
    0x00000d38   0x00000d38   0x0000008a   Code   RO         1471    .text               c_w.l(lludiv10.o)
    0x00000dc2   0x00000dc2   0x0000041e   Code   RO         1473    .text               c_w.l(_printf_fp_dec.o)
    0x000011e0   0x000011e0   0x000002fc   Code   RO         1475    .text               c_w.l(_printf_fp_hex.o)
    0x000014dc   0x000014dc   0x0000002c   Code   RO         1480    .text               c_w.l(_printf_char.o)
    0x00001508   0x00001508   0x0000002c   Code   RO         1482    .text               c_w.l(_printf_wchar.o)
    0x00001534   0x00001534   0x00000040   Code   RO         1484    .text               c_w.l(_wcrtomb.o)
    0x00001574   0x00001574   0x0000000e   Code   RO         1486    .text               c_w.l(defsig_abrt_outer.o)
    0x00001582   0x00001582   0x00000002   Code   RO         1501    .text               c_w.l(use_no_semi.o)
    0x00001584   0x00001584   0x00000000   Code   RO         1503    .text               c_w.l(indicate_semi.o)
    0x00001584   0x00001584   0x0000004a   Code   RO         1504    .text               c_w.l(sys_stackheap_outer.o)
    0x000015ce   0x000015ce   0x00000002   PAD
    0x000015d0   0x000015d0   0x00000010   Code   RO         1506    .text               c_w.l(rt_ctype_table.o)
    0x000015e0   0x000015e0   0x00000008   Code   RO         1513    .text               c_w.l(rt_locale_intlibspace.o)
    0x000015e8   0x000015e8   0x00000080   Code   RO         1517    .text               c_w.l(_printf_fp_infnan.o)
    0x00001668   0x00001668   0x000000e4   Code   RO         1519    .text               c_w.l(bigflt0.o)
    0x0000174c   0x0000174c   0x00000012   Code   RO         1547    .text               c_w.l(exit.o)
    0x0000175e   0x0000175e   0x0000000a   Code   RO         1549    .text               c_w.l(defsig_exit.o)
    0x00001768   0x00001768   0x00000030   Code   RO         1551    .text               c_w.l(defsig_abrt_inner.o)
    0x00001798   0x00001798   0x00000032   Code   RO         1585    .text               c_w.l(defsig_general.o)
    0x000017ca   0x000017ca   0x00000002   PAD
    0x000017cc   0x000017cc   0x00000080   Code   RO         1589    .text               c_w.l(strcmpv7m.o)
    0x0000184c   0x0000184c   0x0000003e   Code   RO         1522    CL$$btod_d2e        c_w.l(btod.o)
    0x0000188a   0x0000188a   0x00000046   Code   RO         1524    CL$$btod_d2e_denorm_low  c_w.l(btod.o)
    0x000018d0   0x000018d0   0x00000060   Code   RO         1523    CL$$btod_d2e_norm_op1  c_w.l(btod.o)
    0x00001930   0x00001930   0x00000338   Code   RO         1532    CL$$btod_div_common  c_w.l(btod.o)
    0x00001c68   0x00001c68   0x000000dc   Code   RO         1529    CL$$btod_e2e        c_w.l(btod.o)
    0x00001d44   0x00001d44   0x0000002a   Code   RO         1526    CL$$btod_ediv       c_w.l(btod.o)
    0x00001d6e   0x00001d6e   0x0000002a   Code   RO         1525    CL$$btod_emul       c_w.l(btod.o)
    0x00001d98   0x00001d98   0x00000244   Code   RO         1531    CL$$btod_mult_common  c_w.l(btod.o)
    0x00001fdc   0x00001fdc   0x000000d4   Code   RO            4    i.ACCEL_ReadWhoAmI  3140_accel.o
    0x000020b0   0x000020b0   0x00000050   Code   RO            5    i.ACCEL_getAccelDat  3140_accel.o
    0x00002100   0x00002100   0x0000004e   Code   RO            6    i.ACCEL_getDefaultConfig  3140_accel.o
    0x0000214e   0x0000214e   0x00000002   PAD
    0x00002150   0x00002150   0x00000018   Code   RO          853    i.CLOCK_EnableClock  fsl_i2c.o
    0x00002168   0x00002168   0x00000034   Code   RO          854    i.EnableIRQ         fsl_i2c.o
    0x0000219c   0x0000219c   0x00000064   Code   RO          806    i.GPIO_PinInit      fsl_gpio.o
    0x00002200   0x00002200   0x00000016   Code   RO          298    i.GPIO_PinWrite     3140_i2c.o
    0x00002216   0x00002216   0x00000002   PAD
    0x00002218   0x00002218   0x00000018   Code   RO          855    i.I2C0_DriverIRQHandler  fsl_i2c.o
    0x00002230   0x00002230   0x00000020   Code   RO          858    i.I2C_CheckAndClearError  fsl_i2c.o
    0x00002250   0x00002250   0x0000001e   Code   RO          859    i.I2C_DisableInterrupts  fsl_i2c.o
    0x0000226e   0x0000226e   0x00000022   Code   RO          861    i.I2C_EnableInterrupts  fsl_i2c.o
    0x00002290   0x00002290   0x0000005c   Code   RO          862    i.I2C_GetInstance   fsl_i2c.o
    0x000022ec   0x000022ec   0x00000074   Code   RO          299    i.I2C_Init          3140_i2c.o
    0x00002360   0x00002360   0x0000009a   Code   RO          863    i.I2C_InitTransferStateMachine  fsl_i2c.o
    0x000023fa   0x000023fa   0x0000002c   Code   RO          864    i.I2C_MasterClearStatusFlags  fsl_i2c.o
    0x00002426   0x00002426   0x00000002   PAD
    0x00002428   0x00002428   0x0000004c   Code   RO          866    i.I2C_MasterGetDefaultConfig  fsl_i2c.o
    0x00002474   0x00002474   0x0000001e   Code   RO          867    i.I2C_MasterGetStatusFlags  fsl_i2c.o
    0x00002492   0x00002492   0x00000002   PAD
    0x00002494   0x00002494   0x000000d0   Code   RO          868    i.I2C_MasterInit    fsl_i2c.o
    0x00002564   0x00002564   0x00000066   Code   RO          870    i.I2C_MasterRepeatedStart  fsl_i2c.o
    0x000025ca   0x000025ca   0x00000002   PAD
    0x000025cc   0x000025cc   0x00000090   Code   RO          871    i.I2C_MasterSetBaudRate  fsl_i2c.o
    0x0000265c   0x0000265c   0x0000003a   Code   RO          872    i.I2C_MasterStart   fsl_i2c.o
    0x00002696   0x00002696   0x0000001a   Code   RO          873    i.I2C_MasterStop    fsl_i2c.o
    0x000026b0   0x000026b0   0x0000006c   Code   RO          876    i.I2C_MasterTransferCreateHandle  fsl_i2c.o
    0x0000271c   0x0000271c   0x00000094   Code   RO          878    i.I2C_MasterTransferHandleIRQ  fsl_i2c.o
    0x000027b0   0x000027b0   0x00000078   Code   RO          879    i.I2C_MasterTransferNonBlocking  fsl_i2c.o
    0x00002828   0x00002828   0x00000198   Code   RO          880    i.I2C_MasterTransferRunStateMachine  fsl_i2c.o
    0x000029c0   0x000029c0   0x00000078   Code   RO          300    i.I2C_ReadRegs      3140_i2c.o
    0x00002a38   0x00002a38   0x000000fc   Code   RO          301    i.I2C_ReleaseBus    3140_i2c.o
    0x00002b34   0x00002b34   0x0000004c   Code   RO          893    i.I2C_TransferCommonIRQHandler  fsl_i2c.o
    0x00002b80   0x00002b80   0x00000080   Code   RO          302    i.I2C_WriteReg      3140_i2c.o
    0x00002c00   0x00002c00   0x00000018   Code   RO          175    i.LEDGreen_Off      utils.o
    0x00002c18   0x00002c18   0x00000018   Code   RO          176    i.LEDGreen_On       utils.o
    0x00002c30   0x00002c30   0x00000014   Code   RO          179    i.LEDRed_Off        utils.o
    0x00002c44   0x00002c44   0x00000014   Code   RO          180    i.LEDRed_On         utils.o
    0x00002c58   0x00002c58   0x00000048   Code   RO          182    i.LED_Initialize    utils.o
    0x00002ca0   0x00002ca0   0x00000044   Code   RO          113    i.PORTC_IRQHandler  main.o
    0x00002ce4   0x00002ce4   0x00000030   Code   RO          303    i.PORT_SetPinConfig  3140_i2c.o
    0x00002d14   0x00002d14   0x000000a0   Code   RO         1138    i.SystemInit        system_mk64f12.o
    0x00002db4   0x00002db4   0x00000030   Code   RO         1572    i.__ARM_fpclassify  m_wm.l(fpclassify.o)
    0x00002de4   0x00002de4   0x0000000e   Code   RO         1256    i._is_digit         c_w.l(__printf_wp.o)
    0x00002df2   0x00002df2   0x00000002   PAD
    0x00002df4   0x00002df4   0x00000028   Code   RO          304    i.i2c_master_callback  3140_i2c.o
    0x00002e1c   0x00002e1c   0x00000010   Code   RO          305    i.i2c_release_bus_delay  3140_i2c.o
    0x00002e2c   0x00002e2c   0x0000014c   Code   RO          114    i.main              main.o
    0x00002f78   0x00002f78   0x00000024   Code   RO          115    i.pressKey          main.o
    0x00002f9c   0x00002f9c   0x0000006c   Code   RO          116    i.releaseKeys       main.o
    0x00003008   0x00003008   0x00000094   Code   RO          380    i.uart_init         3140_serial.o
    0x0000309c   0x0000309c   0x00000018   Code   RO          381    i.uart_putChar      3140_serial.o
    0x000030b4   0x000030b4   0x00000016   Code   RO          382    i.uart_putString    3140_serial.o
    0x000030ca   0x000030ca   0x00000002   PAD
    0x000030cc   0x000030cc   0x0000002c   Code   RO         1545    locale$$code        c_w.l(lc_numeric_c.o)
    0x000030f8   0x000030f8   0x0000002c   Code   RO         1581    locale$$code        c_w.l(lc_ctype_c.o)
    0x00003124   0x00003124   0x0000000a   Code   RO         1499    x$fpl$fpinit        fz_wm.l(fpinit.o)
    0x0000312e   0x0000312e   0x00000004   Code   RO         1429    x$fpl$printf1       fz_wm.l(printf1.o)
    0x00003132   0x00003132   0x00000004   Code   RO         1431    x$fpl$printf2       fz_wm.l(printf2.o)
    0x00003136   0x00003136   0x00000000   Code   RO         1571    x$fpl$usenofp       fz_wm.l(usenofp.o)
    0x00003136   0x00003136   0x00000002   PAD
    0x00003138   0x00003138   0x00000008   Data   RO          117    .constdata          main.o
    0x00003140   0x00003140   0x0000009c   Data   RO          895    .constdata          fsl_i2c.o
    0x000031dc   0x000031dc   0x00000011   Data   RO         1264    .constdata          c_w.l(__printf_flags_ss_wp.o)
    0x000031ed   0x000031ed   0x00000003   PAD
    0x000031f0   0x000031f0   0x00000008   Data   RO         1323    .constdata          c_w.l(_printf_wctomb.o)
    0x000031f8   0x000031f8   0x00000028   Data   RO         1352    .constdata          c_w.l(_printf_hex_int_ll_ptr.o)
    0x00003220   0x00003220   0x00000026   Data   RO         1476    .constdata          c_w.l(_printf_fp_hex.o)
    0x00003246   0x00003246   0x00000002   PAD
    0x00003248   0x00003248   0x00000094   Data   RO         1520    .constdata          c_w.l(bigflt0.o)
    0x000032dc   0x000032dc   0x00000051   Data   RO          307    .conststring        3140_i2c.o
    0x0000332d   0x0000332d   0x00000003   PAD
    0x00003330   0x00003330   0x00000051   Data   RO          810    .conststring        fsl_gpio.o
    0x00003381   0x00003381   0x00000003   PAD
    0x00003384   0x00003384   0x00000050   Data   RO          896    .conststring        fsl_i2c.o
    0x000033d4   0x000033d4   0x00000020   Data   RO         1631    Region$$Table       anon$$obj.o
    0x000033f4   0x000033f4   0x0000001c   Data   RO         1544    locale$$data        c_w.l(lc_numeric_c.o)
    0x00003410   0x00003410   0x00000110   Data   RO         1580    locale$$data        c_w.l(lc_ctype_c.o)


    Execution Region ER_RW (Exec base: 0x20000000, Load base: 0x00003520, Size: 0x00000014, Max: 0xffffffff, ABSOLUTE)

    Exec Addr    Load Addr    Size         Type   Attr      Idx    E Section Name        Object

    0x20000000   0x00003520   0x00000004   Data   RW          118    .data               main.o
    0x20000004   0x00003524   0x00000002   Data   RW          308    .data               3140_i2c.o
    0x20000006   0x00003526   0x00000002   PAD
    0x20000008   0x00003528   0x00000008   Data   RW          897    .data               fsl_i2c.o
    0x20000010   0x00003530   0x00000004   Data   RW         1139    .data               system_mk64f12.o


    Execution Region ER_ZI (Exec base: 0x20000014, Load base: 0x00003534, Size: 0x00001494, Max: 0xffffffff, ABSOLUTE)

    Exec Addr    Load Addr    Size         Type   Attr      Idx    E Section Name        Object

    0x20000014        -       0x00000028   Zero   RW          306    .bss                3140_i2c.o
    0x2000003c        -       0x0000000c   Zero   RW          894    .bss                fsl_i2c.o
    0x20000048        -       0x00000060   Zero   RW         1444    .bss                c_w.l(libspace.o)
    0x200000a8        -       0x00001000   Zero   RW         1125    HEAP                startup_mk64f12.o
    0x200010a8        -       0x00000400   Zero   RW         1124    STACK               startup_mk64f12.o


==============================================================================

Image component sizes


      Code (inc. data)   RO Data    RW Data    ZI Data      Debug   Object Name

       370         16          0          0          0     483048   3140_accel.o
       742        102         81          2         40      17215   3140_i2c.o
       194         20          0          0          0       1560   3140_serial.o
       100         20         81          0          0       2447   fsl_gpio.o
      1990        272        236          8         12      32877   fsl_i2c.o
       544         70          8          4          0      31493   main.o
        92         48       1024          0       5120       1164   startup_mk64f12.o
       160         24          0          4          0        839   system_mk64f12.o
       160         50          0          0          0       2215   utils.o

    ----------------------------------------------------------------------
      4364        622       1468         20       5172     572858   Object Totals
         0          0         32          0          0          0   (incl. Generated)
        12          0          6          2          0          0   (incl. Padding)

    ----------------------------------------------------------------------

      Code (inc. data)   RO Data    RW Data    ZI Data      Debug   Library Member Name

        44          6          0          0          0         84   __2sprintf.o
         8          0          0          0          0         68   __main.o
       392          4         17          0          0         92   __printf_flags_ss_wp.o
        14          0          0          0          0         68   __printf_wp.o
         0          0          0          0          0          0   __rtentry.o
        12          0          0          0          0          0   __rtentry2.o
         6          0          0          0          0          0   __rtentry4.o
        52          8          0          0          0          0   __scatter.o
        26          0          0          0          0          0   __scatter_copy.o
        28          0          0          0          0          0   __scatter_zi.o
         6          0          0          0          0          0   _printf_a.o
         6          0          0          0          0          0   _printf_c.o
        44          0          0          0          0        108   _printf_char.o
        48          6          0          0          0         96   _printf_char_common.o
        40          0          0          0          0         68   _printf_charcount.o
         6          0          0          0          0          0   _printf_d.o
       120         16          0          0          0         92   _printf_dec.o
         6          0          0          0          0          0   _printf_e.o
         6          0          0          0          0          0   _printf_f.o
      1054          0          0          0          0        216   _printf_fp_dec.o
       764          8         38          0          0        100   _printf_fp_hex.o
       128         16          0          0          0         84   _printf_fp_infnan.o
         6          0          0          0          0          0   _printf_g.o
       148          4         40          0          0        160   _printf_hex_int_ll_ptr.o
         6          0          0          0          0          0   _printf_i.o
       178          0          0          0          0         88   _printf_intcommon.o
        10          0          0          0          0          0   _printf_l.o
         6          0          0          0          0          0   _printf_lc.o
        10          0          0          0          0          0   _printf_ll.o
         6          0          0          0          0          0   _printf_lld.o
         6          0          0          0          0          0   _printf_lli.o
         6          0          0          0          0          0   _printf_llo.o
         6          0          0          0          0          0   _printf_llu.o
         6          0          0          0          0          0   _printf_llx.o
       124         16          0          0          0         92   _printf_longlong_dec.o
         6          0          0          0          0          0   _printf_ls.o
         6          0          0          0          0          0   _printf_n.o
         6          0          0          0          0          0   _printf_o.o
       112         10          0          0          0        124   _printf_oct_int_ll.o
         6          0          0          0          0          0   _printf_p.o
        78          0          0          0          0        108   _printf_pad.o
         0          0          0          0          0          0   _printf_percent.o
         4          0          0          0          0          0   _printf_percent_end.o
         6          0          0          0          0          0   _printf_s.o
        82          0          0          0          0         80   _printf_str.o
        36          0          0          0          0         84   _printf_truncate.o
         6          0          0          0          0          0   _printf_u.o
        44          0          0          0          0        108   _printf_wchar.o
       188          6          8          0          0         92   _printf_wctomb.o
         6          0          0          0          0          0   _printf_x.o
        10          0          0          0          0         68   _sputc.o
        64          0          0          0          0         92   _wcrtomb.o
        22          0          0          0          0         80   abort.o
       128         42          0          0          0         76   assert.o
        20          0          0          0          0         76   assert_puts.o
       228          4        148          0          0         96   bigflt0.o
      1936        128          0          0          0        672   btod.o
        48         34          0          0          0         76   defsig_abrt_inner.o
        14          0          0          0          0         80   defsig_abrt_outer.o
        10          0          0          0          0         68   defsig_exit.o
        50          0          0          0          0         88   defsig_general.o
        18          0          0          0          0         80   exit.o
         6          0          0          0          0        152   heapauxi.o
         0          0          0          0          0          0   indicate_semi.o
        44         10        272          0          0         76   lc_ctype_c.o
        44         10         28          0          0         76   lc_numeric_c.o
         2          0          0          0          0          0   libinit.o
        34          0          0          0          0          0   libinit2.o
         2          0          0          0          0          0   libshutdown.o
         2          0          0          0          0          0   libshutdown2.o
         8          4          0          0         96         68   libspace.o
       138          0          0          0          0         80   lludiv10.o
        16          4          0          0          0         76   rt_ctype_table.o
         8          4          0          0          0         68   rt_locale_intlibspace.o
        78          0          0          0          0         80   rt_memclr_w.o
         2          0          0          0          0          0   rtexit.o
        10          0          0          0          0          0   rtexit2.o
        44          6          0          0          0         84   sprintf.o
       128          0          0          0          0         68   strcmpv7m.o
        12          4          0          0          0         68   sys_exit.o
        74          0          0          0          0         80   sys_stackheap_outer.o
        14          0          0          0          0         76   sys_wrch.o
         2          0          0          0          0         68   use_no_semi.o
        10          0          0          0          0        116   fpinit.o
         4          0          0          0          0        116   printf1.o
         4          0          0          0          0        116   printf2.o
         0          0          0          0          0          0   usenofp.o
        48          0          0          0          0        124   fpclassify.o

    ----------------------------------------------------------------------
      7212        350        556          0         96       5156   Library Totals
        16          0          5          0          0          0   (incl. Padding)

    ----------------------------------------------------------------------

      Code (inc. data)   RO Data    RW Data    ZI Data      Debug   Library Name

      7130        350        551          0         96       4684   c_w.l
        18          0          0          0          0        348   fz_wm.l
        48          0          0          0          0        124   m_wm.l

    ----------------------------------------------------------------------
      7212        350        556          0         96       5156   Library Totals

    ----------------------------------------------------------------------

==============================================================================


      Code (inc. data)   RO Data    RW Data    ZI Data      Debug   

     11576        972       2024         20       5268     570914   Grand Totals
     11576        972       2024         20       5268     570914   ELF Image Totals
     11576        972       2024         20          0          0   ROM Totals

==============================================================================

    Total RO  Size (Code + RO Data)                13600 (  13.28kB)
    Total RW  Size (RW Data + ZI Data)              5288 (   5.16kB)
    Total ROM Size (Code + RO Data + RW Data)      13620 (  13.30kB)

==============================================================================

